{
  "projectId": "simple",
  "environmentId": "local",
  "apis": {},
  "variables": [
    {
      "name": "CELEST_ENVIRONMENT",
      "value": "local"
    }
  ],
  "secrets": [],
  "databases": {},
  "sdkConfig": {
    "celest": "1.0.7",
    "dart": {
      "type": "dart",
      "version": "3.29.1",
      "enabledExperiments": []
    },
    "targetSdk": "dart",
    "featureFlags": [
      "streaming"
    ],
    "flutter": {
      "type": "flutter",
      "version": "3.29.1",
      "enabledExperiments": []
    }
  }
}