{
  "projectId": "data",
  "environmentId": "local",
  "apis": {
    "tasks": {
      "apiId": "tasks",
      "functions": {
        "create": {
          "functionId": "create",
          "apiId": "tasks",
          "httpConfig": {
            "route": {
              "method": "POST",
              "path": "/tasks/create"
            },
            "additionalRoutes": [],
            "status": 200,
            "statusMappings": {}
          },
          "variables": [],
          "secrets": [],
          "streamConfig": {}
        }
      }
    },
    "celest.cloud.auth.v1alpha1.Authentication": {
      "apiId": "celest.cloud.auth.v1alpha1.Authentication",
      "functions": {
        "GetOpenIdUserInfo": {
          "functionId": "GetOpenIdUserInfo",
          "apiId": "celest.cloud.auth.v1alpha1.Authentication",
          "httpConfig": {
            "route": {
              "method": "GET",
              "path": "/v1alpha1/auth/userinfo"
            },
            "additionalRoutes": [],
            "status": 200,
            "statusMappings": {}
          },
          "variables": [],
          "secrets": []
        },
        "StartSession": {
          "functionId": "StartSession",
          "apiId": "celest.cloud.auth.v1alpha1.Authentication",
          "httpConfig": {
            "route": {
              "method": "POST",
              "path": "/v1alpha1/auth/sessions:startSession"
            },
            "additionalRoutes": [],
            "status": 200,
            "statusMappings": {}
          },
          "variables": [],
          "secrets": []
        },
        "ContinueSession": {
          "functionId": "ContinueSession",
          "apiId": "celest.cloud.auth.v1alpha1.Authentication",
          "httpConfig": {
            "route": {
              "method": "POST",
              "path": "/v1alpha1/auth/sessions:continueSession"
            },
            "additionalRoutes": [],
            "status": 200,
            "statusMappings": {}
          },
          "variables": [],
          "secrets": []
        },
        "EndSession": {
          "functionId": "EndSession",
          "apiId": "celest.cloud.auth.v1alpha1.Authentication",
          "httpConfig": {
            "route": {
              "method": "POST",
              "path": "/v1alpha1/auth/sessions:endSession"
            },
            "additionalRoutes": [],
            "status": 200,
            "statusMappings": {}
          },
          "variables": [],
          "secrets": []
        }
      },
      "policySet": {
        "policies": {},
        "templates": {},
        "templateLinks": [
          {
            "templateId": "cloud.functions.public",
            "newId": "celest.cloud.auth.v1alpha1.Authentication",
            "values": {
              "?resource": "Celest::Api::\"celest.cloud.auth.v1alpha1.Authentication\""
            }
          }
        ]
      }
    },
    "celest.cloud.auth.v1alpha1.Users": {
      "apiId": "celest.cloud.auth.v1alpha1.Users",
      "functions": {
        "GetUser": {
          "functionId": "GetUser",
          "apiId": "celest.cloud.auth.v1alpha1.Users",
          "httpConfig": {
            "route": {
              "method": "GET",
              "path": "/v1alpha1/auth/{name=users/*}"
            },
            "additionalRoutes": [],
            "status": 200,
            "statusMappings": {}
          },
          "variables": [],
          "secrets": []
        },
        "ListUsers": {
          "functionId": "ListUsers",
          "apiId": "celest.cloud.auth.v1alpha1.Users",
          "httpConfig": {
            "route": {
              "method": "GET",
              "path": "/v1alpha1/auth/users"
            },
            "additionalRoutes": [],
            "status": 200,
            "statusMappings": {}
          },
          "variables": [],
          "secrets": []
        },
        "UpdateUser": {
          "functionId": "UpdateUser",
          "apiId": "celest.cloud.auth.v1alpha1.Users",
          "httpConfig": {
            "route": {
              "method": "PATCH",
              "path": "/v1alpha1/auth/{user.name=users/*}"
            },
            "additionalRoutes": [],
            "status": 200,
            "statusMappings": {}
          },
          "variables": [],
          "secrets": []
        },
        "DeleteUser": {
          "functionId": "DeleteUser",
          "apiId": "celest.cloud.auth.v1alpha1.Users",
          "httpConfig": {
            "route": {
              "method": "DELETE",
              "path": "/v1alpha1/auth/{name=users/*}"
            },
            "additionalRoutes": [],
            "status": 200,
            "statusMappings": {}
          },
          "variables": [],
          "secrets": []
        }
      },
      "policySet": {
        "policies": {},
        "templates": {},
        "templateLinks": [
          {
            "templateId": "cloud.functions.anonymous",
            "newId": "celest.cloud.auth.v1alpha1.Users",
            "values": {
              "?resource": "Celest::Api::\"celest.cloud.auth.v1alpha1.Users\""
            }
          }
        ]
      }
    },
    "_admin": {
      "apiId": "_admin",
      "functions": {
        "studio": {
          "functionId": "studio",
          "apiId": "_admin",
          "httpConfig": {
            "route": {
              "method": "GET",
              "path": "/_admin/studio"
            },
            "additionalRoutes": [],
            "status": 200,
            "statusMappings": {}
          },
          "variables": [],
          "secrets": []
        },
        "studio/query": {
          "functionId": "studio/query",
          "apiId": "_admin",
          "httpConfig": {
            "route": {
              "method": "POST",
              "path": "/_admin/studio/query"
            },
            "additionalRoutes": [],
            "status": 200,
            "statusMappings": {}
          },
          "variables": [],
          "secrets": []
        }
      },
      "policySet": {
        "policies": {},
        "templates": {},
        "templateLinks": [
          {
            "templateId": "cloud.functions.admin",
            "newId": "celest.cloud._admin",
            "values": {
              "?resource": "Celest::Api::\"_admin\""
            }
          }
        ]
      }
    }
  },
  "variables": [
    {
      "name": "CELEST_ENVIRONMENT",
      "value": "local"
    }
  ],
  "secrets": [],
  "databases": {
    "TaskDatabase": {
      "databaseId": "TaskDatabase",
      "schema": {
        "$": "ResolvedDriftDatabaseSchema",
        "databaseSchemaId": "TaskDatabase",
        "version": 1,
        "schemaJson": {},
        "type": "drift"
      },
      "config": {
        "$": "ResolvedCelestDatabaseConfig",
        "hostname": {
          "name": "TASK_DATABASE_HOST",
          "value": ""
        },
        "token": {
          "name": "TASK_DATABASE_TOKEN",
          "value": ""
        }
      }
    }
  },
  "sdkConfig": {
    "celest": "1.0.13",
    "dart": {
      "type": "dart",
      "version": "3.8.1",
      "enabledExperiments": []
    },
    "targetSdk": "dart",
    "featureFlags": [
      "streaming"
    ],
    "flutter": {
      "type": "flutter",
      "version": "3.32.5",
      "enabledExperiments": []
    }
  },
  "auth": {
    "providers": [
      {
        "$": "ResolvedEmailAuthProvider",
        "authProviderId": "emailOtp",
        "type": "EMAIL_OTP"
      }
    ],
    "externalProviders": []
  }
}