{
  "projectId": "data",
  "environmentId": "local",
  "apis": {
    "tasks": {
      "apiId": "tasks",
      "functions": {
        "create": {
          "functionId": "create",
          "parentId": "tasks",
          "httpConfig": {
            "status": 200,
            "route": {
              "method": "POST",
              "path": "/tasks/create"
            },
            "statusMappings": {}
          },
          "streamConfig": {
            "type": "STREAM_CONFIG_TYPE_UNSPECIFIED"
          }
        }
      }
    }
  },
  "variables": [
    {
      "name": "CELEST_ENVIRONMENT",
      "value": "local"
    }
  ],
  "databases": {
    "TaskDatabase": {
      "databaseId": "TaskDatabase",
      "type": "CELEST",
      "schema": {
        "databaseSchemaId": "TaskDatabase",
        "type": "DRIFT",
        "drift": {
          "version": 1,
          "schemaJson": {}
        }
      },
      "celest": {
        "hostname": {
          "name": "CELEST_DATABASE_HOST",
          "value": ""
        },
        "token": {
          "name": "CELEST_DATABASE_TOKEN",
          "value": ""
        }
      }
    }
  },
  "sdkConfig": {
    "celest": {
      "major": 1,
      "minor": 0,
      "patch": 7,
      "canonicalizedVersion": "1.0.7"
    },
    "dart": {
      "type": "DART",
      "version": {
        "major": 3,
        "minor": 7,
        "patch": 2,
        "canonicalizedVersion": "3.7.2"
      }
    },
    "flutter": {
      "type": "FLUTTER",
      "version": {
        "major": 3,
        "minor": 29,
        "patch": 2,
        "canonicalizedVersion": "3.29.2"
      }
    },
    "targetSdk": "DART",
    "featureFlags": [
      "STREAMING"
    ]
  }
}