{
  "projectId": "exceptions",
  "environmentId": "local",
  "apis": {
    "external": {
      "apiId": "external",
      "functions": {
        "callsThrowsCommonException": {
          "functionId": "callsThrowsCommonException",
          "apiId": "external",
          "httpConfig": {
            "route": {
              "method": "POST",
              "path": "/external/calls-throws-common-exception"
            },
            "additionalRoutes": [],
            "status": 200,
            "statusMappings": {}
          },
          "variables": [],
          "secrets": [],
          "streamConfig": {}
        },
        "callsThrowsCustomException": {
          "functionId": "callsThrowsCustomException",
          "apiId": "external",
          "httpConfig": {
            "route": {
              "method": "POST",
              "path": "/external/calls-throws-custom-exception"
            },
            "additionalRoutes": [],
            "status": 200,
            "statusMappings": {}
          },
          "variables": [],
          "secrets": [],
          "streamConfig": {}
        }
      }
    },
    "nonthrowing": {
      "apiId": "nonthrowing",
      "functions": {
        "callsThrowsCustomError": {
          "functionId": "callsThrowsCustomError",
          "apiId": "nonthrowing",
          "httpConfig": {
            "route": {
              "method": "POST",
              "path": "/nonthrowing/calls-throws-custom-error"
            },
            "additionalRoutes": [],
            "status": 200,
            "statusMappings": {}
          },
          "variables": [],
          "secrets": [],
          "streamConfig": {}
        },
        "callsThrowsBaseError": {
          "functionId": "callsThrowsBaseError",
          "apiId": "nonthrowing",
          "httpConfig": {
            "route": {
              "method": "POST",
              "path": "/nonthrowing/calls-throws-base-error"
            },
            "additionalRoutes": [],
            "status": 200,
            "statusMappings": {}
          },
          "variables": [],
          "secrets": [],
          "streamConfig": {}
        },
        "callsThrowsCustomException": {
          "functionId": "callsThrowsCustomException",
          "apiId": "nonthrowing",
          "httpConfig": {
            "route": {
              "method": "POST",
              "path": "/nonthrowing/calls-throws-custom-exception"
            },
            "additionalRoutes": [],
            "status": 200,
            "statusMappings": {}
          },
          "variables": [],
          "secrets": [],
          "streamConfig": {}
        },
        "callsThrowsBaseException": {
          "functionId": "callsThrowsBaseException",
          "apiId": "nonthrowing",
          "httpConfig": {
            "route": {
              "method": "POST",
              "path": "/nonthrowing/calls-throws-base-exception"
            },
            "additionalRoutes": [],
            "status": 200,
            "statusMappings": {}
          },
          "variables": [],
          "secrets": [],
          "streamConfig": {}
        }
      }
    },
    "throwing": {
      "apiId": "throwing",
      "functions": {
        "throwsCustomError": {
          "functionId": "throwsCustomError",
          "apiId": "throwing",
          "httpConfig": {
            "route": {
              "method": "POST",
              "path": "/throwing/throws-custom-error"
            },
            "additionalRoutes": [],
            "status": 200,
            "statusMappings": {}
          },
          "variables": [],
          "secrets": [],
          "streamConfig": {}
        },
        "throwsBaseError": {
          "functionId": "throwsBaseError",
          "apiId": "throwing",
          "httpConfig": {
            "route": {
              "method": "POST",
              "path": "/throwing/throws-base-error"
            },
            "additionalRoutes": [],
            "status": 200,
            "statusMappings": {}
          },
          "variables": [],
          "secrets": [],
          "streamConfig": {}
        },
        "throwsCustomException": {
          "functionId": "throwsCustomException",
          "apiId": "throwing",
          "httpConfig": {
            "route": {
              "method": "POST",
              "path": "/throwing/throws-custom-exception"
            },
            "additionalRoutes": [],
            "status": 200,
            "statusMappings": {}
          },
          "variables": [],
          "secrets": [],
          "streamConfig": {}
        },
        "throwsBaseException": {
          "functionId": "throwsBaseException",
          "apiId": "throwing",
          "httpConfig": {
            "route": {
              "method": "POST",
              "path": "/throwing/throws-base-exception"
            },
            "additionalRoutes": [],
            "status": 200,
            "statusMappings": {}
          },
          "variables": [],
          "secrets": [],
          "streamConfig": {}
        }
      }
    }
  },
  "variables": [
    {
      "name": "CELEST_ENVIRONMENT",
      "value": "local"
    }
  ],
  "secrets": [],
  "databases": {},
  "sdkConfig": {
    "celest": "1.0.11",
    "dart": {
      "type": "dart",
      "version": "3.7.2",
      "enabledExperiments": []
    },
    "targetSdk": "dart",
    "featureFlags": [
      "streaming"
    ],
    "flutter": {
      "type": "flutter",
      "version": "3.29.3",
      "enabledExperiments": []
    }
  }
}