{
  "name": "exceptions",
  "environment": "local",
  "reference": {
    "$": "Reference",
    "symbol": "project",
    "url": "package:celest_backend/src/project.dart"
  },
  "apis": {
    "external": {
      "name": "external",
      "metadata": [],
      "functions": {
        "callsThrowsCommonException": {
          "name": "callsThrowsCommonException",
          "apiName": "external",
          "typeParameters": [],
          "parameters": [],
          "returnType": {
            "$": "Reference",
            "symbol": "void",
            "url": "dart:core"
          },
          "flattenedReturnType": {
            "$": "Reference",
            "symbol": "void",
            "url": "dart:core"
          },
          "metadata": [],
          "annotations": [
            {
              "$": "DartInstance",
              "classRef": {
                "symbol": "_Cloud",
                "url": "package:celest/src/core/annotations.dart",
                "isNullable": false
              },
              "constructor": "new",
              "positionalArguments": {},
              "namedArguments": {},
              "staticType": {
                "symbol": "_Cloud",
                "url": "package:celest/src/core/annotations.dart",
                "isNullable": false
              }
            }
          ],
          "docs": [],
          "location": {
            "start": {
              "offset": 228,
              "uri": "package:celest_backend/src/functions/external.dart",
              "line": 8,
              "column": 5
            },
            "end": {
              "offset": 254,
              "uri": "package:celest_backend/src/functions/external.dart",
              "line": 8,
              "column": 31
            },
            "text": "callsThrowsCommonException"
          }
        },
        "callsThrowsCustomException": {
          "name": "callsThrowsCustomException",
          "apiName": "external",
          "typeParameters": [],
          "parameters": [],
          "returnType": {
            "$": "Reference",
            "symbol": "void",
            "url": "dart:core"
          },
          "flattenedReturnType": {
            "$": "Reference",
            "symbol": "void",
            "url": "dart:core"
          },
          "metadata": [],
          "annotations": [
            {
              "$": "DartInstance",
              "classRef": {
                "symbol": "_Cloud",
                "url": "package:celest/src/core/annotations.dart",
                "isNullable": false
              },
              "constructor": "new",
              "positionalArguments": {},
              "namedArguments": {},
              "staticType": {
                "symbol": "_Cloud",
                "url": "package:celest/src/core/annotations.dart",
                "isNullable": false
              }
            }
          ],
          "docs": [],
          "location": {
            "start": {
              "offset": 308,
              "uri": "package:celest_backend/src/functions/external.dart",
              "line": 13,
              "column": 5
            },
            "end": {
              "offset": 334,
              "uri": "package:celest_backend/src/functions/external.dart",
              "line": 13,
              "column": 31
            },
            "text": "callsThrowsCustomException"
          }
        }
      },
      "docs": [
        "/// Tests that types thrown from external packages can be detected via",
        "/// recursive imports and serialized correctly."
      ],
      "exceptionTypes": [
        {
          "$": "TypeReference",
          "symbol": "CustomException",
          "url": "package:_common/_common.dart",
          "isNullable": false
        },
        {
          "$": "TypeReference",
          "symbol": "CommonException",
          "url": "package:_common/_common.dart",
          "isNullable": false
        },
        {
          "$": "TypeReference",
          "symbol": "OverriddenException",
          "url": "package:_common/_common.dart",
          "isNullable": false
        },
        {
          "$": "TypeReference",
          "symbol": "Error",
          "url": "dart:core",
          "isNullable": false
        },
        {
          "$": "TypeReference",
          "symbol": "AssertionError",
          "url": "dart:core",
          "isNullable": false
        },
        {
          "$": "TypeReference",
          "symbol": "TypeError",
          "url": "dart:core",
          "isNullable": false
        },
        {
          "$": "TypeReference",
          "symbol": "ArgumentError",
          "url": "dart:core",
          "isNullable": false
        },
        {
          "$": "TypeReference",
          "symbol": "RangeError",
          "url": "dart:core",
          "isNullable": false
        },
        {
          "$": "TypeReference",
          "symbol": "IndexError",
          "url": "dart:core",
          "isNullable": false
        },
        {
          "$": "TypeReference",
          "symbol": "UnsupportedError",
          "url": "dart:core",
          "isNullable": false
        },
        {
          "$": "TypeReference",
          "symbol": "UnimplementedError",
          "url": "dart:core",
          "isNullable": false
        },
        {
          "$": "TypeReference",
          "symbol": "StateError",
          "url": "dart:core",
          "isNullable": false
        },
        {
          "$": "TypeReference",
          "symbol": "ConcurrentModificationError",
          "url": "dart:core",
          "isNullable": false
        },
        {
          "$": "TypeReference",
          "symbol": "OutOfMemoryError",
          "url": "dart:core",
          "isNullable": false
        },
        {
          "$": "TypeReference",
          "symbol": "StackOverflowError",
          "url": "dart:core",
          "isNullable": false
        },
        {
          "$": "TypeReference",
          "symbol": "Exception",
          "url": "dart:core",
          "isNullable": false
        },
        {
          "$": "TypeReference",
          "symbol": "FormatException",
          "url": "dart:core",
          "isNullable": false
        },
        {
          "$": "TypeReference",
          "symbol": "IntegerDivisionByZeroException",
          "url": "dart:core",
          "isNullable": false
        },
        {
          "$": "TypeReference",
          "symbol": "AsyncError",
          "url": "dart:async",
          "isNullable": false
        },
        {
          "$": "TypeReference",
          "symbol": "TimeoutException",
          "url": "dart:async",
          "isNullable": false
        },
        {
          "$": "TypeReference",
          "symbol": "JsonUnsupportedObjectError",
          "url": "dart:convert",
          "isNullable": false
        },
        {
          "$": "TypeReference",
          "symbol": "CloudException",
          "url": "package:celest_core/src/exception/cloud_exception.dart",
          "isNullable": false
        },
        {
          "$": "TypeReference",
          "symbol": "CancelledException",
          "url": "package:celest_core/src/exception/cloud_exception.dart",
          "isNullable": false
        },
        {
          "$": "TypeReference",
          "symbol": "UnknownError",
          "url": "package:celest_core/src/exception/cloud_exception.dart",
          "isNullable": false
        },
        {
          "$": "TypeReference",
          "symbol": "BadRequestException",
          "url": "package:celest_core/src/exception/cloud_exception.dart",
          "isNullable": false
        },
        {
          "$": "TypeReference",
          "symbol": "UnauthorizedException",
          "url": "package:celest_core/src/exception/cloud_exception.dart",
          "isNullable": false
        },
        {
          "$": "TypeReference",
          "symbol": "NotFoundException",
          "url": "package:celest_core/src/exception/cloud_exception.dart",
          "isNullable": false
        },
        {
          "$": "TypeReference",
          "symbol": "AlreadyExistsException",
          "url": "package:celest_core/src/exception/cloud_exception.dart",
          "isNullable": false
        },
        {
          "$": "TypeReference",
          "symbol": "PermissionDeniedException",
          "url": "package:celest_core/src/exception/cloud_exception.dart",
          "isNullable": false
        },
        {
          "$": "TypeReference",
          "symbol": "ResourceExhaustedException",
          "url": "package:celest_core/src/exception/cloud_exception.dart",
          "isNullable": false
        },
        {
          "$": "TypeReference",
          "symbol": "FailedPreconditionException",
          "url": "package:celest_core/src/exception/cloud_exception.dart",
          "isNullable": false
        },
        {
          "$": "TypeReference",
          "symbol": "AbortedException",
          "url": "package:celest_core/src/exception/cloud_exception.dart",
          "isNullable": false
        },
        {
          "$": "TypeReference",
          "symbol": "OutOfRangeException",
          "url": "package:celest_core/src/exception/cloud_exception.dart",
          "isNullable": false
        },
        {
          "$": "TypeReference",
          "symbol": "UnimplementedError",
          "url": "package:celest_core/src/exception/cloud_exception.dart",
          "isNullable": false
        },
        {
          "$": "TypeReference",
          "symbol": "InternalServerError",
          "url": "package:celest_core/src/exception/cloud_exception.dart",
          "isNullable": false
        },
        {
          "$": "TypeReference",
          "symbol": "UnavailableError",
          "url": "package:celest_core/src/exception/cloud_exception.dart",
          "isNullable": false
        },
        {
          "$": "TypeReference",
          "symbol": "DataLossError",
          "url": "package:celest_core/src/exception/cloud_exception.dart",
          "isNullable": false
        },
        {
          "$": "TypeReference",
          "symbol": "DeadlineExceededError",
          "url": "package:celest_core/src/exception/cloud_exception.dart",
          "isNullable": false
        },
        {
          "$": "TypeReference",
          "symbol": "SerializationException",
          "url": "package:celest_core/src/exception/serialization_exception.dart",
          "isNullable": false
        }
      ],
      "location": {
        "start": {
          "offset": 0,
          "uri": "package:celest_backend/src/functions/external.dart",
          "line": 0,
          "column": 0
        },
        "end": {
          "offset": 0,
          "uri": "package:celest_backend/src/functions/external.dart",
          "line": 0,
          "column": 0
        },
        "text": ""
      }
    },
    "nonthrowing": {
      "name": "nonthrowing",
      "metadata": [],
      "functions": {
        "callsThrowsCustomError": {
          "name": "callsThrowsCustomError",
          "apiName": "nonthrowing",
          "typeParameters": [],
          "parameters": [],
          "returnType": {
            "$": "Reference",
            "symbol": "void",
            "url": "dart:core"
          },
          "flattenedReturnType": {
            "$": "Reference",
            "symbol": "void",
            "url": "dart:core"
          },
          "metadata": [],
          "annotations": [
            {
              "$": "DartInstance",
              "classRef": {
                "symbol": "_Cloud",
                "url": "package:celest/src/core/annotations.dart",
                "isNullable": false
              },
              "constructor": "new",
              "positionalArguments": {},
              "namedArguments": {},
              "staticType": {
                "symbol": "_Cloud",
                "url": "package:celest/src/core/annotations.dart",
                "isNullable": false
              }
            }
          ],
          "docs": [],
          "location": {
            "start": {
              "offset": 164,
              "uri": "package:celest_backend/src/functions/nonthrowing.dart",
              "line": 8,
              "column": 5
            },
            "end": {
              "offset": 186,
              "uri": "package:celest_backend/src/functions/nonthrowing.dart",
              "line": 8,
              "column": 27
            },
            "text": "callsThrowsCustomError"
          }
        },
        "callsThrowsBaseError": {
          "name": "callsThrowsBaseError",
          "apiName": "nonthrowing",
          "typeParameters": [],
          "parameters": [],
          "returnType": {
            "$": "Reference",
            "symbol": "void",
            "url": "dart:core"
          },
          "flattenedReturnType": {
            "$": "Reference",
            "symbol": "void",
            "url": "dart:core"
          },
          "metadata": [],
          "annotations": [
            {
              "$": "DartInstance",
              "classRef": {
                "symbol": "_Cloud",
                "url": "package:celest/src/core/annotations.dart",
                "isNullable": false
              },
              "constructor": "new",
              "positionalArguments": {},
              "namedArguments": {},
              "staticType": {
                "symbol": "_Cloud",
                "url": "package:celest/src/core/annotations.dart",
                "isNullable": false
              }
            }
          ],
          "docs": [],
          "location": {
            "start": {
              "offset": 229,
              "uri": "package:celest_backend/src/functions/nonthrowing.dart",
              "line": 13,
              "column": 5
            },
            "end": {
              "offset": 249,
              "uri": "package:celest_backend/src/functions/nonthrowing.dart",
              "line": 13,
              "column": 25
            },
            "text": "callsThrowsBaseError"
          }
        },
        "callsThrowsCustomException": {
          "name": "callsThrowsCustomException",
          "apiName": "nonthrowing",
          "typeParameters": [],
          "parameters": [],
          "returnType": {
            "$": "Reference",
            "symbol": "void",
            "url": "dart:core"
          },
          "flattenedReturnType": {
            "$": "Reference",
            "symbol": "void",
            "url": "dart:core"
          },
          "metadata": [],
          "annotations": [
            {
              "$": "DartInstance",
              "classRef": {
                "symbol": "_Cloud",
                "url": "package:celest/src/core/annotations.dart",
                "isNullable": false
              },
              "constructor": "new",
              "positionalArguments": {},
              "namedArguments": {},
              "staticType": {
                "symbol": "_Cloud",
                "url": "package:celest/src/core/annotations.dart",
                "isNullable": false
              }
            }
          ],
          "docs": [],
          "location": {
            "start": {
              "offset": 290,
              "uri": "package:celest_backend/src/functions/nonthrowing.dart",
              "line": 18,
              "column": 5
            },
            "end": {
              "offset": 316,
              "uri": "package:celest_backend/src/functions/nonthrowing.dart",
              "line": 18,
              "column": 31
            },
            "text": "callsThrowsCustomException"
          }
        },
        "callsThrowsBaseException": {
          "name": "callsThrowsBaseException",
          "apiName": "nonthrowing",
          "typeParameters": [],
          "parameters": [],
          "returnType": {
            "$": "Reference",
            "symbol": "void",
            "url": "dart:core"
          },
          "flattenedReturnType": {
            "$": "Reference",
            "symbol": "void",
            "url": "dart:core"
          },
          "metadata": [],
          "annotations": [
            {
              "$": "DartInstance",
              "classRef": {
                "symbol": "_Cloud",
                "url": "package:celest/src/core/annotations.dart",
                "isNullable": false
              },
              "constructor": "new",
              "positionalArguments": {},
              "namedArguments": {},
              "staticType": {
                "symbol": "_Cloud",
                "url": "package:celest/src/core/annotations.dart",
                "isNullable": false
              }
            }
          ],
          "docs": [],
          "location": {
            "start": {
              "offset": 363,
              "uri": "package:celest_backend/src/functions/nonthrowing.dart",
              "line": 23,
              "column": 5
            },
            "end": {
              "offset": 387,
              "uri": "package:celest_backend/src/functions/nonthrowing.dart",
              "line": 23,
              "column": 29
            },
            "text": "callsThrowsBaseException"
          }
        }
      },
      "docs": [
        "/// A library with methods that do not through but call methods that do throw."
      ],
      "exceptionTypes": [
        {
          "$": "TypeReference",
          "symbol": "CloudException",
          "url": "package:celest_core/src/exception/cloud_exception.dart",
          "isNullable": false
        },
        {
          "$": "TypeReference",
          "symbol": "CancelledException",
          "url": "package:celest_core/src/exception/cloud_exception.dart",
          "isNullable": false
        },
        {
          "$": "TypeReference",
          "symbol": "UnknownError",
          "url": "package:celest_core/src/exception/cloud_exception.dart",
          "isNullable": false
        },
        {
          "$": "TypeReference",
          "symbol": "BadRequestException",
          "url": "package:celest_core/src/exception/cloud_exception.dart",
          "isNullable": false
        },
        {
          "$": "TypeReference",
          "symbol": "UnauthorizedException",
          "url": "package:celest_core/src/exception/cloud_exception.dart",
          "isNullable": false
        },
        {
          "$": "TypeReference",
          "symbol": "NotFoundException",
          "url": "package:celest_core/src/exception/cloud_exception.dart",
          "isNullable": false
        },
        {
          "$": "TypeReference",
          "symbol": "AlreadyExistsException",
          "url": "package:celest_core/src/exception/cloud_exception.dart",
          "isNullable": false
        },
        {
          "$": "TypeReference",
          "symbol": "PermissionDeniedException",
          "url": "package:celest_core/src/exception/cloud_exception.dart",
          "isNullable": false
        },
        {
          "$": "TypeReference",
          "symbol": "ResourceExhaustedException",
          "url": "package:celest_core/src/exception/cloud_exception.dart",
          "isNullable": false
        },
        {
          "$": "TypeReference",
          "symbol": "FailedPreconditionException",
          "url": "package:celest_core/src/exception/cloud_exception.dart",
          "isNullable": false
        },
        {
          "$": "TypeReference",
          "symbol": "AbortedException",
          "url": "package:celest_core/src/exception/cloud_exception.dart",
          "isNullable": false
        },
        {
          "$": "TypeReference",
          "symbol": "OutOfRangeException",
          "url": "package:celest_core/src/exception/cloud_exception.dart",
          "isNullable": false
        },
        {
          "$": "TypeReference",
          "symbol": "UnimplementedError",
          "url": "package:celest_core/src/exception/cloud_exception.dart",
          "isNullable": false
        },
        {
          "$": "TypeReference",
          "symbol": "InternalServerError",
          "url": "package:celest_core/src/exception/cloud_exception.dart",
          "isNullable": false
        },
        {
          "$": "TypeReference",
          "symbol": "UnavailableError",
          "url": "package:celest_core/src/exception/cloud_exception.dart",
          "isNullable": false
        },
        {
          "$": "TypeReference",
          "symbol": "DataLossError",
          "url": "package:celest_core/src/exception/cloud_exception.dart",
          "isNullable": false
        },
        {
          "$": "TypeReference",
          "symbol": "DeadlineExceededError",
          "url": "package:celest_core/src/exception/cloud_exception.dart",
          "isNullable": false
        },
        {
          "$": "TypeReference",
          "symbol": "SerializationException",
          "url": "package:celest_core/src/exception/serialization_exception.dart",
          "isNullable": false
        },
        {
          "$": "TypeReference",
          "symbol": "Error",
          "url": "dart:core",
          "isNullable": false
        },
        {
          "$": "TypeReference",
          "symbol": "AssertionError",
          "url": "dart:core",
          "isNullable": false
        },
        {
          "$": "TypeReference",
          "symbol": "TypeError",
          "url": "dart:core",
          "isNullable": false
        },
        {
          "$": "TypeReference",
          "symbol": "ArgumentError",
          "url": "dart:core",
          "isNullable": false
        },
        {
          "$": "TypeReference",
          "symbol": "RangeError",
          "url": "dart:core",
          "isNullable": false
        },
        {
          "$": "TypeReference",
          "symbol": "IndexError",
          "url": "dart:core",
          "isNullable": false
        },
        {
          "$": "TypeReference",
          "symbol": "UnsupportedError",
          "url": "dart:core",
          "isNullable": false
        },
        {
          "$": "TypeReference",
          "symbol": "UnimplementedError",
          "url": "dart:core",
          "isNullable": false
        },
        {
          "$": "TypeReference",
          "symbol": "StateError",
          "url": "dart:core",
          "isNullable": false
        },
        {
          "$": "TypeReference",
          "symbol": "ConcurrentModificationError",
          "url": "dart:core",
          "isNullable": false
        },
        {
          "$": "TypeReference",
          "symbol": "OutOfMemoryError",
          "url": "dart:core",
          "isNullable": false
        },
        {
          "$": "TypeReference",
          "symbol": "StackOverflowError",
          "url": "dart:core",
          "isNullable": false
        },
        {
          "$": "TypeReference",
          "symbol": "Exception",
          "url": "dart:core",
          "isNullable": false
        },
        {
          "$": "TypeReference",
          "symbol": "FormatException",
          "url": "dart:core",
          "isNullable": false
        },
        {
          "$": "TypeReference",
          "symbol": "IntegerDivisionByZeroException",
          "url": "dart:core",
          "isNullable": false
        },
        {
          "$": "TypeReference",
          "symbol": "AsyncError",
          "url": "dart:async",
          "isNullable": false
        },
        {
          "$": "TypeReference",
          "symbol": "TimeoutException",
          "url": "dart:async",
          "isNullable": false
        },
        {
          "$": "TypeReference",
          "symbol": "JsonUnsupportedObjectError",
          "url": "dart:convert",
          "isNullable": false
        },
        {
          "$": "TypeReference",
          "symbol": "BaseException",
          "url": "package:celest_backend/exceptions/exceptions.dart",
          "isNullable": false
        },
        {
          "$": "TypeReference",
          "symbol": "CustomException",
          "url": "package:celest_backend/exceptions/exceptions.dart",
          "isNullable": false
        },
        {
          "$": "TypeReference",
          "symbol": "BaseError",
          "url": "package:celest_backend/exceptions/exceptions.dart",
          "isNullable": false
        },
        {
          "$": "TypeReference",
          "symbol": "CustomError",
          "url": "package:celest_backend/exceptions/exceptions.dart",
          "isNullable": false
        }
      ],
      "location": {
        "start": {
          "offset": 0,
          "uri": "package:celest_backend/src/functions/nonthrowing.dart",
          "line": 0,
          "column": 0
        },
        "end": {
          "offset": 0,
          "uri": "package:celest_backend/src/functions/nonthrowing.dart",
          "line": 0,
          "column": 0
        },
        "text": ""
      }
    },
    "throwing": {
      "name": "throwing",
      "metadata": [],
      "functions": {
        "throwsCustomError": {
          "name": "throwsCustomError",
          "apiName": "throwing",
          "typeParameters": [],
          "parameters": [],
          "returnType": {
            "$": "Reference",
            "symbol": "void",
            "url": "dart:core"
          },
          "flattenedReturnType": {
            "$": "Reference",
            "symbol": "void",
            "url": "dart:core"
          },
          "metadata": [],
          "annotations": [
            {
              "$": "DartInstance",
              "classRef": {
                "symbol": "_Cloud",
                "url": "package:celest/src/core/annotations.dart",
                "isNullable": false
              },
              "constructor": "new",
              "positionalArguments": {},
              "namedArguments": {},
              "staticType": {
                "symbol": "_Cloud",
                "url": "package:celest/src/core/annotations.dart",
                "isNullable": false
              }
            }
          ],
          "docs": [],
          "location": {
            "start": {
              "offset": 110,
              "uri": "package:celest_backend/src/functions/throwing.dart",
              "line": 4,
              "column": 5
            },
            "end": {
              "offset": 127,
              "uri": "package:celest_backend/src/functions/throwing.dart",
              "line": 4,
              "column": 22
            },
            "text": "throwsCustomError"
          }
        },
        "throwsBaseError": {
          "name": "throwsBaseError",
          "apiName": "throwing",
          "typeParameters": [],
          "parameters": [],
          "returnType": {
            "$": "Reference",
            "symbol": "void",
            "url": "dart:core"
          },
          "flattenedReturnType": {
            "$": "Reference",
            "symbol": "void",
            "url": "dart:core"
          },
          "metadata": [],
          "annotations": [
            {
              "$": "DartInstance",
              "classRef": {
                "symbol": "_Cloud",
                "url": "package:celest/src/core/annotations.dart",
                "isNullable": false
              },
              "constructor": "new",
              "positionalArguments": {},
              "namedArguments": {},
              "staticType": {
                "symbol": "_Cloud",
                "url": "package:celest/src/core/annotations.dart",
                "isNullable": false
              }
            }
          ],
          "docs": [],
          "location": {
            "start": {
              "offset": 179,
              "uri": "package:celest_backend/src/functions/throwing.dart",
              "line": 9,
              "column": 5
            },
            "end": {
              "offset": 194,
              "uri": "package:celest_backend/src/functions/throwing.dart",
              "line": 9,
              "column": 20
            },
            "text": "throwsBaseError"
          }
        },
        "throwsCustomException": {
          "name": "throwsCustomException",
          "apiName": "throwing",
          "typeParameters": [],
          "parameters": [],
          "returnType": {
            "$": "Reference",
            "symbol": "void",
            "url": "dart:core"
          },
          "flattenedReturnType": {
            "$": "Reference",
            "symbol": "void",
            "url": "dart:core"
          },
          "metadata": [],
          "annotations": [
            {
              "$": "DartInstance",
              "classRef": {
                "symbol": "_Cloud",
                "url": "package:celest/src/core/annotations.dart",
                "isNullable": false
              },
              "constructor": "new",
              "positionalArguments": {},
              "namedArguments": {},
              "staticType": {
                "symbol": "_Cloud",
                "url": "package:celest/src/core/annotations.dart",
                "isNullable": false
              }
            }
          ],
          "docs": [],
          "location": {
            "start": {
              "offset": 244,
              "uri": "package:celest_backend/src/functions/throwing.dart",
              "line": 14,
              "column": 5
            },
            "end": {
              "offset": 265,
              "uri": "package:celest_backend/src/functions/throwing.dart",
              "line": 14,
              "column": 26
            },
            "text": "throwsCustomException"
          }
        },
        "throwsBaseException": {
          "name": "throwsBaseException",
          "apiName": "throwing",
          "typeParameters": [],
          "parameters": [],
          "returnType": {
            "$": "Reference",
            "symbol": "void",
            "url": "dart:core"
          },
          "flattenedReturnType": {
            "$": "Reference",
            "symbol": "void",
            "url": "dart:core"
          },
          "metadata": [],
          "annotations": [
            {
              "$": "DartInstance",
              "classRef": {
                "symbol": "_Cloud",
                "url": "package:celest/src/core/annotations.dart",
                "isNullable": false
              },
              "constructor": "new",
              "positionalArguments": {},
              "namedArguments": {},
              "staticType": {
                "symbol": "_Cloud",
                "url": "package:celest/src/core/annotations.dart",
                "isNullable": false
              }
            }
          ],
          "docs": [],
          "location": {
            "start": {
              "offset": 321,
              "uri": "package:celest_backend/src/functions/throwing.dart",
              "line": 19,
              "column": 5
            },
            "end": {
              "offset": 340,
              "uri": "package:celest_backend/src/functions/throwing.dart",
              "line": 19,
              "column": 24
            },
            "text": "throwsBaseException"
          }
        }
      },
      "docs": [],
      "exceptionTypes": [
        {
          "$": "TypeReference",
          "symbol": "CloudException",
          "url": "package:celest_core/src/exception/cloud_exception.dart",
          "isNullable": false
        },
        {
          "$": "TypeReference",
          "symbol": "CancelledException",
          "url": "package:celest_core/src/exception/cloud_exception.dart",
          "isNullable": false
        },
        {
          "$": "TypeReference",
          "symbol": "UnknownError",
          "url": "package:celest_core/src/exception/cloud_exception.dart",
          "isNullable": false
        },
        {
          "$": "TypeReference",
          "symbol": "BadRequestException",
          "url": "package:celest_core/src/exception/cloud_exception.dart",
          "isNullable": false
        },
        {
          "$": "TypeReference",
          "symbol": "UnauthorizedException",
          "url": "package:celest_core/src/exception/cloud_exception.dart",
          "isNullable": false
        },
        {
          "$": "TypeReference",
          "symbol": "NotFoundException",
          "url": "package:celest_core/src/exception/cloud_exception.dart",
          "isNullable": false
        },
        {
          "$": "TypeReference",
          "symbol": "AlreadyExistsException",
          "url": "package:celest_core/src/exception/cloud_exception.dart",
          "isNullable": false
        },
        {
          "$": "TypeReference",
          "symbol": "PermissionDeniedException",
          "url": "package:celest_core/src/exception/cloud_exception.dart",
          "isNullable": false
        },
        {
          "$": "TypeReference",
          "symbol": "ResourceExhaustedException",
          "url": "package:celest_core/src/exception/cloud_exception.dart",
          "isNullable": false
        },
        {
          "$": "TypeReference",
          "symbol": "FailedPreconditionException",
          "url": "package:celest_core/src/exception/cloud_exception.dart",
          "isNullable": false
        },
        {
          "$": "TypeReference",
          "symbol": "AbortedException",
          "url": "package:celest_core/src/exception/cloud_exception.dart",
          "isNullable": false
        },
        {
          "$": "TypeReference",
          "symbol": "OutOfRangeException",
          "url": "package:celest_core/src/exception/cloud_exception.dart",
          "isNullable": false
        },
        {
          "$": "TypeReference",
          "symbol": "UnimplementedError",
          "url": "package:celest_core/src/exception/cloud_exception.dart",
          "isNullable": false
        },
        {
          "$": "TypeReference",
          "symbol": "InternalServerError",
          "url": "package:celest_core/src/exception/cloud_exception.dart",
          "isNullable": false
        },
        {
          "$": "TypeReference",
          "symbol": "UnavailableError",
          "url": "package:celest_core/src/exception/cloud_exception.dart",
          "isNullable": false
        },
        {
          "$": "TypeReference",
          "symbol": "DataLossError",
          "url": "package:celest_core/src/exception/cloud_exception.dart",
          "isNullable": false
        },
        {
          "$": "TypeReference",
          "symbol": "DeadlineExceededError",
          "url": "package:celest_core/src/exception/cloud_exception.dart",
          "isNullable": false
        },
        {
          "$": "TypeReference",
          "symbol": "SerializationException",
          "url": "package:celest_core/src/exception/serialization_exception.dart",
          "isNullable": false
        },
        {
          "$": "TypeReference",
          "symbol": "Error",
          "url": "dart:core",
          "isNullable": false
        },
        {
          "$": "TypeReference",
          "symbol": "AssertionError",
          "url": "dart:core",
          "isNullable": false
        },
        {
          "$": "TypeReference",
          "symbol": "TypeError",
          "url": "dart:core",
          "isNullable": false
        },
        {
          "$": "TypeReference",
          "symbol": "ArgumentError",
          "url": "dart:core",
          "isNullable": false
        },
        {
          "$": "TypeReference",
          "symbol": "RangeError",
          "url": "dart:core",
          "isNullable": false
        },
        {
          "$": "TypeReference",
          "symbol": "IndexError",
          "url": "dart:core",
          "isNullable": false
        },
        {
          "$": "TypeReference",
          "symbol": "UnsupportedError",
          "url": "dart:core",
          "isNullable": false
        },
        {
          "$": "TypeReference",
          "symbol": "UnimplementedError",
          "url": "dart:core",
          "isNullable": false
        },
        {
          "$": "TypeReference",
          "symbol": "StateError",
          "url": "dart:core",
          "isNullable": false
        },
        {
          "$": "TypeReference",
          "symbol": "ConcurrentModificationError",
          "url": "dart:core",
          "isNullable": false
        },
        {
          "$": "TypeReference",
          "symbol": "OutOfMemoryError",
          "url": "dart:core",
          "isNullable": false
        },
        {
          "$": "TypeReference",
          "symbol": "StackOverflowError",
          "url": "dart:core",
          "isNullable": false
        },
        {
          "$": "TypeReference",
          "symbol": "Exception",
          "url": "dart:core",
          "isNullable": false
        },
        {
          "$": "TypeReference",
          "symbol": "FormatException",
          "url": "dart:core",
          "isNullable": false
        },
        {
          "$": "TypeReference",
          "symbol": "IntegerDivisionByZeroException",
          "url": "dart:core",
          "isNullable": false
        },
        {
          "$": "TypeReference",
          "symbol": "AsyncError",
          "url": "dart:async",
          "isNullable": false
        },
        {
          "$": "TypeReference",
          "symbol": "TimeoutException",
          "url": "dart:async",
          "isNullable": false
        },
        {
          "$": "TypeReference",
          "symbol": "JsonUnsupportedObjectError",
          "url": "dart:convert",
          "isNullable": false
        },
        {
          "$": "TypeReference",
          "symbol": "BaseException",
          "url": "package:celest_backend/exceptions/exceptions.dart",
          "isNullable": false
        },
        {
          "$": "TypeReference",
          "symbol": "CustomException",
          "url": "package:celest_backend/exceptions/exceptions.dart",
          "isNullable": false
        },
        {
          "$": "TypeReference",
          "symbol": "BaseError",
          "url": "package:celest_backend/exceptions/exceptions.dart",
          "isNullable": false
        },
        {
          "$": "TypeReference",
          "symbol": "CustomError",
          "url": "package:celest_backend/exceptions/exceptions.dart",
          "isNullable": false
        }
      ],
      "location": {
        "start": {
          "offset": 0,
          "uri": "package:celest_backend/src/functions/throwing.dart",
          "line": 0,
          "column": 0
        },
        "end": {
          "offset": 0,
          "uri": "package:celest_backend/src/functions/throwing.dart",
          "line": 0,
          "column": 0
        },
        "text": ""
      }
    }
  },
  "variables": [],
  "secrets": [],
  "databases": {},
  "sdkConfig": {
    "celest": "1.0.11",
    "dart": {
      "type": "dart",
      "version": "3.7.2",
      "enabledExperiments": []
    },
    "targetSdk": "dart",
    "featureFlags": [
      "streaming"
    ],
    "flutter": {
      "type": "flutter",
      "version": "3.29.3",
      "enabledExperiments": []
    }
  },
  "location": {
    "start": {
      "offset": 44,
      "uri": "project.dart",
      "line": 2,
      "column": 6
    },
    "end": {
      "offset": 81,
      "uri": "project.dart",
      "line": 2,
      "column": 43
    },
    "text": "project = Project(name: 'exceptions')"
  }
}