{
  "projectId": "exceptions",
  "environmentId": "local",
  "apis": {
    "external": {
      "apiId": "external",
      "functions": {
        "callsThrowsCommonException": {
          "functionId": "callsThrowsCommonException",
          "parentId": "external",
          "httpConfig": {
            "status": 200,
            "route": {
              "method": "POST",
              "path": "/external/calls-throws-common-exception"
            },
            "statusMappings": {}
          },
          "streamConfig": {
            "type": "STREAM_CONFIG_TYPE_UNSPECIFIED"
          }
        },
        "callsThrowsCustomException": {
          "functionId": "callsThrowsCustomException",
          "parentId": "external",
          "httpConfig": {
            "status": 200,
            "route": {
              "method": "POST",
              "path": "/external/calls-throws-custom-exception"
            },
            "statusMappings": {}
          },
          "streamConfig": {
            "type": "STREAM_CONFIG_TYPE_UNSPECIFIED"
          }
        }
      }
    },
    "nonthrowing": {
      "apiId": "nonthrowing",
      "functions": {
        "callsThrowsCustomError": {
          "functionId": "callsThrowsCustomError",
          "parentId": "nonthrowing",
          "httpConfig": {
            "status": 200,
            "route": {
              "method": "POST",
              "path": "/nonthrowing/calls-throws-custom-error"
            },
            "statusMappings": {}
          },
          "streamConfig": {
            "type": "STREAM_CONFIG_TYPE_UNSPECIFIED"
          }
        },
        "callsThrowsBaseError": {
          "functionId": "callsThrowsBaseError",
          "parentId": "nonthrowing",
          "httpConfig": {
            "status": 200,
            "route": {
              "method": "POST",
              "path": "/nonthrowing/calls-throws-base-error"
            },
            "statusMappings": {}
          },
          "streamConfig": {
            "type": "STREAM_CONFIG_TYPE_UNSPECIFIED"
          }
        },
        "callsThrowsCustomException": {
          "functionId": "callsThrowsCustomException",
          "parentId": "nonthrowing",
          "httpConfig": {
            "status": 200,
            "route": {
              "method": "POST",
              "path": "/nonthrowing/calls-throws-custom-exception"
            },
            "statusMappings": {}
          },
          "streamConfig": {
            "type": "STREAM_CONFIG_TYPE_UNSPECIFIED"
          }
        },
        "callsThrowsBaseException": {
          "functionId": "callsThrowsBaseException",
          "parentId": "nonthrowing",
          "httpConfig": {
            "status": 200,
            "route": {
              "method": "POST",
              "path": "/nonthrowing/calls-throws-base-exception"
            },
            "statusMappings": {}
          },
          "streamConfig": {
            "type": "STREAM_CONFIG_TYPE_UNSPECIFIED"
          }
        }
      }
    },
    "throwing": {
      "apiId": "throwing",
      "functions": {
        "throwsCustomError": {
          "functionId": "throwsCustomError",
          "parentId": "throwing",
          "httpConfig": {
            "status": 200,
            "route": {
              "method": "POST",
              "path": "/throwing/throws-custom-error"
            },
            "statusMappings": {}
          },
          "streamConfig": {
            "type": "STREAM_CONFIG_TYPE_UNSPECIFIED"
          }
        },
        "throwsBaseError": {
          "functionId": "throwsBaseError",
          "parentId": "throwing",
          "httpConfig": {
            "status": 200,
            "route": {
              "method": "POST",
              "path": "/throwing/throws-base-error"
            },
            "statusMappings": {}
          },
          "streamConfig": {
            "type": "STREAM_CONFIG_TYPE_UNSPECIFIED"
          }
        },
        "throwsCustomException": {
          "functionId": "throwsCustomException",
          "parentId": "throwing",
          "httpConfig": {
            "status": 200,
            "route": {
              "method": "POST",
              "path": "/throwing/throws-custom-exception"
            },
            "statusMappings": {}
          },
          "streamConfig": {
            "type": "STREAM_CONFIG_TYPE_UNSPECIFIED"
          }
        },
        "throwsBaseException": {
          "functionId": "throwsBaseException",
          "parentId": "throwing",
          "httpConfig": {
            "status": 200,
            "route": {
              "method": "POST",
              "path": "/throwing/throws-base-exception"
            },
            "statusMappings": {}
          },
          "streamConfig": {
            "type": "STREAM_CONFIG_TYPE_UNSPECIFIED"
          }
        }
      }
    }
  },
  "variables": [
    {
      "name": "CELEST_ENVIRONMENT",
      "value": "local"
    }
  ],
  "databases": {},
  "sdkConfig": {
    "celest": {
      "major": 1,
      "minor": 0,
      "patch": 7,
      "canonicalizedVersion": "1.0.7"
    },
    "dart": {
      "type": "DART",
      "version": {
        "major": 3,
        "minor": 7,
        "patch": 2,
        "canonicalizedVersion": "3.7.2"
      }
    },
    "flutter": {
      "type": "FLUTTER",
      "version": {
        "major": 3,
        "minor": 29,
        "patch": 2,
        "canonicalizedVersion": "3.29.2"
      }
    },
    "targetSdk": "DART",
    "featureFlags": [
      "STREAMING"
    ]
  }
}