{
  "projectId": "streaming",
  "environmentId": "local",
  "apis": {
    "server_side": {
      "apiId": "server_side",
      "functions": {
        "hello": {
          "functionId": "hello",
          "apiId": "server_side",
          "httpConfig": {
            "route": {
              "method": "POST",
              "path": "/server-side/hello"
            },
            "additionalRoutes": [
              {
                "method": "GET",
                "path": "/server-side/hello"
              }
            ],
            "status": 200,
            "statusMappings": {}
          },
          "variables": [],
          "secrets": [],
          "streamConfig": {
            "type": "unidirectionalServer"
          }
        },
        "stockTicker": {
          "functionId": "stockTicker",
          "apiId": "server_side",
          "httpConfig": {
            "route": {
              "method": "POST",
              "path": "/server-side/stock-ticker"
            },
            "additionalRoutes": [
              {
                "method": "GET",
                "path": "/server-side/stock-ticker"
              }
            ],
            "status": 200,
            "statusMappings": {}
          },
          "variables": [],
          "secrets": [],
          "streamConfig": {
            "type": "unidirectionalServer"
          }
        },
        "jsonValues": {
          "functionId": "jsonValues",
          "apiId": "server_side",
          "httpConfig": {
            "route": {
              "method": "POST",
              "path": "/server-side/json-values"
            },
            "additionalRoutes": [
              {
                "method": "GET",
                "path": "/server-side/json-values"
              }
            ],
            "status": 200,
            "statusMappings": {}
          },
          "variables": [],
          "secrets": [],
          "streamConfig": {
            "type": "unidirectionalServer"
          }
        }
      }
    }
  },
  "variables": [
    {
      "name": "CELEST_ENVIRONMENT",
      "value": "local"
    }
  ],
  "secrets": [],
  "databases": {},
  "sdkConfig": {
    "celest": "1.0.12",
    "dart": {
      "type": "dart",
      "version": "3.8.0-278.1.beta",
      "enabledExperiments": []
    },
    "targetSdk": "dart",
    "featureFlags": [
      "streaming"
    ],
    "flutter": {
      "type": "flutter",
      "version": "3.32.0-0.1.pre",
      "enabledExperiments": []
    }
  }
}