{
  "name": "streaming",
  "environment": "local",
  "reference": {
    "$": "Reference",
    "symbol": "project",
    "url": "package:celest_backend/src/project.dart"
  },
  "apis": {
    "server_side": {
      "name": "server_side",
      "metadata": [],
      "functions": {
        "hello": {
          "name": "hello",
          "apiName": "server_side",
          "typeParameters": [],
          "parameters": [
            {
              "name": "names",
              "type": {
                "$": "TypeReference",
                "symbol": "List",
                "url": "dart:core",
                "types": [
                  {
                    "$": "TypeReference",
                    "symbol": "String",
                    "url": "dart:core",
                    "isNullable": false
                  }
                ],
                "isNullable": false
              },
              "required": true,
              "named": false,
              "annotations": [],
              "location": {
                "start": {
                  "offset": 234,
                  "uri": "package:celest_backend/src/functions/server_side.dart",
                  "line": 8,
                  "column": 34
                },
                "end": {
                  "offset": 239,
                  "uri": "package:celest_backend/src/functions/server_side.dart",
                  "line": 8,
                  "column": 39
                },
                "text": "names"
              }
            }
          ],
          "returnType": {
            "$": "TypeReference",
            "symbol": "Stream",
            "url": "dart:async",
            "types": [
              {
                "$": "TypeReference",
                "symbol": "String",
                "url": "dart:core",
                "isNullable": false
              }
            ],
            "isNullable": false
          },
          "flattenedReturnType": {
            "$": "TypeReference",
            "symbol": "String",
            "url": "dart:core",
            "isNullable": false
          },
          "metadata": [],
          "annotations": [
            {
              "$": "DartInstance",
              "classRef": {
                "symbol": "_Cloud",
                "url": "package:celest/src/core/annotations.dart",
                "isNullable": false
              },
              "constructor": "new",
              "positionalArguments": {},
              "namedArguments": {},
              "staticType": {
                "symbol": "_Cloud",
                "url": "package:celest/src/core/annotations.dart",
                "isNullable": false
              }
            }
          ],
          "docs": [],
          "location": {
            "start": {
              "offset": 215,
              "uri": "package:celest_backend/src/functions/server_side.dart",
              "line": 8,
              "column": 15
            },
            "end": {
              "offset": 220,
              "uri": "package:celest_backend/src/functions/server_side.dart",
              "line": 8,
              "column": 20
            },
            "text": "hello"
          },
          "streamType": "unidirectionalServer"
        },
        "stockTicker": {
          "name": "stockTicker",
          "apiName": "server_side",
          "typeParameters": [],
          "parameters": [
            {
              "name": "symbol",
              "type": {
                "$": "TypeReference",
                "symbol": "String",
                "url": "dart:core",
                "isNullable": false
              },
              "required": true,
              "named": false,
              "annotations": [
                {
                  "$": "DartInstance",
                  "classRef": {
                    "symbol": "httpQuery",
                    "url": "package:celest/src/functions/http/http_query.dart",
                    "isNullable": false
                  },
                  "constructor": "new",
                  "positionalArguments": {},
                  "namedArguments": {},
                  "staticType": {
                    "symbol": "httpQuery",
                    "url": "package:celest/src/functions/http/http_query.dart",
                    "isNullable": false
                  }
                }
              ],
              "location": {
                "start": {
                  "offset": 376,
                  "uri": "package:celest_backend/src/functions/server_side.dart",
                  "line": 15,
                  "column": 55
                },
                "end": {
                  "offset": 382,
                  "uri": "package:celest_backend/src/functions/server_side.dart",
                  "line": 15,
                  "column": 61
                },
                "text": "symbol"
              },
              "references": {
                "name": "symbol",
                "type": "httpQuery"
              }
            }
          ],
          "returnType": {
            "$": "TypeReference",
            "symbol": "Stream",
            "url": "dart:async",
            "types": [
              {
                "$": "TypeReference",
                "symbol": "AvailableStock",
                "url": "package:_common/src/models/available_stock.dart",
                "isNullable": false
              }
            ],
            "isNullable": false
          },
          "flattenedReturnType": {
            "$": "TypeReference",
            "symbol": "AvailableStock",
            "url": "package:_common/src/models/available_stock.dart",
            "isNullable": false
          },
          "metadata": [],
          "annotations": [
            {
              "$": "DartInstance",
              "classRef": {
                "symbol": "_Cloud",
                "url": "package:celest/src/core/annotations.dart",
                "isNullable": false
              },
              "constructor": "new",
              "positionalArguments": {},
              "namedArguments": {},
              "staticType": {
                "symbol": "_Cloud",
                "url": "package:celest/src/core/annotations.dart",
                "isNullable": false
              }
            }
          ],
          "docs": [],
          "location": {
            "start": {
              "offset": 344,
              "uri": "package:celest_backend/src/functions/server_side.dart",
              "line": 15,
              "column": 23
            },
            "end": {
              "offset": 355,
              "uri": "package:celest_backend/src/functions/server_side.dart",
              "line": 15,
              "column": 34
            },
            "text": "stockTicker"
          },
          "streamType": "unidirectionalServer"
        },
        "jsonValues": {
          "name": "jsonValues",
          "apiName": "server_side",
          "typeParameters": [],
          "parameters": [],
          "returnType": {
            "$": "TypeReference",
            "symbol": "Stream",
            "url": "dart:async",
            "types": [
              {
                "$": "TypeReference",
                "symbol": "JsonValue",
                "url": "package:celest_core/src/serialization/json_value.dart",
                "isNullable": false
              }
            ],
            "isNullable": false
          },
          "flattenedReturnType": {
            "$": "TypeReference",
            "symbol": "JsonValue",
            "url": "package:celest_core/src/serialization/json_value.dart",
            "isNullable": false
          },
          "metadata": [],
          "annotations": [
            {
              "$": "DartInstance",
              "classRef": {
                "symbol": "_Cloud",
                "url": "package:celest/src/core/annotations.dart",
                "isNullable": false
              },
              "constructor": "new",
              "positionalArguments": {},
              "namedArguments": {},
              "staticType": {
                "symbol": "_Cloud",
                "url": "package:celest/src/core/annotations.dart",
                "isNullable": false
              }
            }
          ],
          "docs": [],
          "location": {
            "start": {
              "offset": 530,
              "uri": "package:celest_backend/src/functions/server_side.dart",
              "line": 22,
              "column": 18
            },
            "end": {
              "offset": 540,
              "uri": "package:celest_backend/src/functions/server_side.dart",
              "line": 22,
              "column": 28
            },
            "text": "jsonValues"
          },
          "streamType": "unidirectionalServer"
        }
      },
      "docs": [
        "/// Tests the ability to use server-side streaming."
      ],
      "exceptionTypes": [
        {
          "$": "TypeReference",
          "symbol": "Error",
          "url": "dart:core",
          "isNullable": false
        },
        {
          "$": "TypeReference",
          "symbol": "AssertionError",
          "url": "dart:core",
          "isNullable": false
        },
        {
          "$": "TypeReference",
          "symbol": "TypeError",
          "url": "dart:core",
          "isNullable": false
        },
        {
          "$": "TypeReference",
          "symbol": "ArgumentError",
          "url": "dart:core",
          "isNullable": false
        },
        {
          "$": "TypeReference",
          "symbol": "RangeError",
          "url": "dart:core",
          "isNullable": false
        },
        {
          "$": "TypeReference",
          "symbol": "IndexError",
          "url": "dart:core",
          "isNullable": false
        },
        {
          "$": "TypeReference",
          "symbol": "UnsupportedError",
          "url": "dart:core",
          "isNullable": false
        },
        {
          "$": "TypeReference",
          "symbol": "UnimplementedError",
          "url": "dart:core",
          "isNullable": false
        },
        {
          "$": "TypeReference",
          "symbol": "StateError",
          "url": "dart:core",
          "isNullable": false
        },
        {
          "$": "TypeReference",
          "symbol": "ConcurrentModificationError",
          "url": "dart:core",
          "isNullable": false
        },
        {
          "$": "TypeReference",
          "symbol": "OutOfMemoryError",
          "url": "dart:core",
          "isNullable": false
        },
        {
          "$": "TypeReference",
          "symbol": "StackOverflowError",
          "url": "dart:core",
          "isNullable": false
        },
        {
          "$": "TypeReference",
          "symbol": "Exception",
          "url": "dart:core",
          "isNullable": false
        },
        {
          "$": "TypeReference",
          "symbol": "FormatException",
          "url": "dart:core",
          "isNullable": false
        },
        {
          "$": "TypeReference",
          "symbol": "IntegerDivisionByZeroException",
          "url": "dart:core",
          "isNullable": false
        },
        {
          "$": "TypeReference",
          "symbol": "AsyncError",
          "url": "dart:async",
          "isNullable": false
        },
        {
          "$": "TypeReference",
          "symbol": "TimeoutException",
          "url": "dart:async",
          "isNullable": false
        },
        {
          "$": "TypeReference",
          "symbol": "JsonUnsupportedObjectError",
          "url": "dart:convert",
          "isNullable": false
        },
        {
          "$": "TypeReference",
          "symbol": "CloudException",
          "url": "package:celest_core/src/exception/cloud_exception.dart",
          "isNullable": false
        },
        {
          "$": "TypeReference",
          "symbol": "CancelledException",
          "url": "package:celest_core/src/exception/cloud_exception.dart",
          "isNullable": false
        },
        {
          "$": "TypeReference",
          "symbol": "UnknownError",
          "url": "package:celest_core/src/exception/cloud_exception.dart",
          "isNullable": false
        },
        {
          "$": "TypeReference",
          "symbol": "BadRequestException",
          "url": "package:celest_core/src/exception/cloud_exception.dart",
          "isNullable": false
        },
        {
          "$": "TypeReference",
          "symbol": "UnauthorizedException",
          "url": "package:celest_core/src/exception/cloud_exception.dart",
          "isNullable": false
        },
        {
          "$": "TypeReference",
          "symbol": "NotFoundException",
          "url": "package:celest_core/src/exception/cloud_exception.dart",
          "isNullable": false
        },
        {
          "$": "TypeReference",
          "symbol": "AlreadyExistsException",
          "url": "package:celest_core/src/exception/cloud_exception.dart",
          "isNullable": false
        },
        {
          "$": "TypeReference",
          "symbol": "PermissionDeniedException",
          "url": "package:celest_core/src/exception/cloud_exception.dart",
          "isNullable": false
        },
        {
          "$": "TypeReference",
          "symbol": "ResourceExhaustedException",
          "url": "package:celest_core/src/exception/cloud_exception.dart",
          "isNullable": false
        },
        {
          "$": "TypeReference",
          "symbol": "FailedPreconditionException",
          "url": "package:celest_core/src/exception/cloud_exception.dart",
          "isNullable": false
        },
        {
          "$": "TypeReference",
          "symbol": "AbortedException",
          "url": "package:celest_core/src/exception/cloud_exception.dart",
          "isNullable": false
        },
        {
          "$": "TypeReference",
          "symbol": "OutOfRangeException",
          "url": "package:celest_core/src/exception/cloud_exception.dart",
          "isNullable": false
        },
        {
          "$": "TypeReference",
          "symbol": "UnimplementedError",
          "url": "package:celest_core/src/exception/cloud_exception.dart",
          "isNullable": false
        },
        {
          "$": "TypeReference",
          "symbol": "InternalServerError",
          "url": "package:celest_core/src/exception/cloud_exception.dart",
          "isNullable": false
        },
        {
          "$": "TypeReference",
          "symbol": "UnavailableError",
          "url": "package:celest_core/src/exception/cloud_exception.dart",
          "isNullable": false
        },
        {
          "$": "TypeReference",
          "symbol": "DataLossError",
          "url": "package:celest_core/src/exception/cloud_exception.dart",
          "isNullable": false
        },
        {
          "$": "TypeReference",
          "symbol": "DeadlineExceededError",
          "url": "package:celest_core/src/exception/cloud_exception.dart",
          "isNullable": false
        },
        {
          "$": "TypeReference",
          "symbol": "SerializationException",
          "url": "package:celest_core/src/exception/serialization_exception.dart",
          "isNullable": false
        }
      ],
      "location": {
        "start": {
          "offset": 0,
          "uri": "package:celest_backend/src/functions/server_side.dart",
          "line": 0,
          "column": 0
        },
        "end": {
          "offset": 0,
          "uri": "package:celest_backend/src/functions/server_side.dart",
          "line": 0,
          "column": 0
        },
        "text": ""
      }
    }
  },
  "variables": [],
  "secrets": [],
  "databases": {},
  "sdkConfig": {
    "celest": "1.0.10+3",
    "dart": {
      "type": "dart",
      "version": "3.7.2",
      "enabledExperiments": []
    },
    "targetSdk": "dart",
    "featureFlags": [
      "streaming"
    ],
    "flutter": {
      "type": "flutter",
      "version": "3.29.3",
      "enabledExperiments": []
    }
  },
  "location": {
    "start": {
      "offset": 44,
      "uri": "project.dart",
      "line": 2,
      "column": 6
    },
    "end": {
      "offset": 80,
      "uri": "project.dart",
      "line": 2,
      "column": 42
    },
    "text": "project = Project(name: 'streaming')"
  }
}