{
  "name": "flutter",
  "environment": "local",
  "reference": {
    "$": "Reference",
    "symbol": "project",
    "url": "package:celest_backend/src/project.dart"
  },
  "apis": {
    "dart_ui": {
      "name": "dart_ui",
      "metadata": [],
      "functions": {
        "lerpColor": {
          "name": "lerpColor",
          "apiName": "dart_ui",
          "typeParameters": [],
          "parameters": [
            {
              "name": "a",
              "type": {
                "$": "TypeReference",
                "symbol": "Color",
                "url": "dart:ui",
                "isNullable": false
              },
              "required": true,
              "named": false,
              "annotations": [],
              "location": {
                "start": {
                  "offset": 189,
                  "uri": "package:celest_backend/src/functions/dart_ui.dart",
                  "line": 8,
                  "column": 36
                },
                "end": {
                  "offset": 190,
                  "uri": "package:celest_backend/src/functions/dart_ui.dart",
                  "line": 8,
                  "column": 37
                },
                "text": "a"
              }
            },
            {
              "name": "b",
              "type": {
                "$": "TypeReference",
                "symbol": "Color",
                "url": "dart:ui",
                "isNullable": false
              },
              "required": true,
              "named": false,
              "annotations": [],
              "location": {
                "start": {
                  "offset": 201,
                  "uri": "package:celest_backend/src/functions/dart_ui.dart",
                  "line": 8,
                  "column": 48
                },
                "end": {
                  "offset": 202,
                  "uri": "package:celest_backend/src/functions/dart_ui.dart",
                  "line": 8,
                  "column": 49
                },
                "text": "b"
              }
            },
            {
              "name": "t",
              "type": {
                "$": "TypeReference",
                "symbol": "double",
                "url": "dart:core",
                "isNullable": false
              },
              "required": true,
              "named": false,
              "annotations": [],
              "location": {
                "start": {
                  "offset": 211,
                  "uri": "package:celest_backend/src/functions/dart_ui.dart",
                  "line": 8,
                  "column": 58
                },
                "end": {
                  "offset": 212,
                  "uri": "package:celest_backend/src/functions/dart_ui.dart",
                  "line": 8,
                  "column": 59
                },
                "text": "t"
              }
            }
          ],
          "returnType": {
            "$": "TypeReference",
            "symbol": "Future",
            "url": "dart:async",
            "types": [
              {
                "$": "TypeReference",
                "symbol": "Color",
                "url": "dart:ui",
                "isNullable": false
              }
            ],
            "isNullable": false
          },
          "flattenedReturnType": {
            "$": "TypeReference",
            "symbol": "Color",
            "url": "dart:ui",
            "isNullable": false
          },
          "metadata": [],
          "annotations": [
            {
              "$": "DartInstance",
              "classRef": {
                "symbol": "_Cloud",
                "url": "package:celest/src/core/annotations.dart",
                "isNullable": false
              },
              "constructor": "",
              "positionalArguments": {},
              "namedArguments": {},
              "staticType": {
                "symbol": "_Cloud",
                "url": "package:celest/src/core/annotations.dart",
                "isNullable": false
              }
            }
          ],
          "docs": [],
          "location": {
            "start": {
              "offset": 170,
              "uri": "package:celest_backend/src/functions/dart_ui.dart",
              "line": 8,
              "column": 17
            },
            "end": {
              "offset": 179,
              "uri": "package:celest_backend/src/functions/dart_ui.dart",
              "line": 8,
              "column": 26
            },
            "text": "lerpColor"
          }
        },
        "addCountryCode": {
          "name": "addCountryCode",
          "apiName": "dart_ui",
          "typeParameters": [],
          "parameters": [
            {
              "name": "locale",
              "type": {
                "$": "TypeReference",
                "symbol": "Locale",
                "url": "dart:ui",
                "isNullable": false
              },
              "required": true,
              "named": false,
              "annotations": [],
              "location": {
                "start": {
                  "offset": 309,
                  "uri": "package:celest_backend/src/functions/dart_ui.dart",
                  "line": 13,
                  "column": 43
                },
                "end": {
                  "offset": 315,
                  "uri": "package:celest_backend/src/functions/dart_ui.dart",
                  "line": 13,
                  "column": 49
                },
                "text": "locale"
              }
            },
            {
              "name": "countryCode",
              "type": {
                "$": "TypeReference",
                "symbol": "String",
                "url": "dart:core",
                "isNullable": false
              },
              "required": true,
              "named": false,
              "annotations": [],
              "location": {
                "start": {
                  "offset": 324,
                  "uri": "package:celest_backend/src/functions/dart_ui.dart",
                  "line": 13,
                  "column": 58
                },
                "end": {
                  "offset": 335,
                  "uri": "package:celest_backend/src/functions/dart_ui.dart",
                  "line": 13,
                  "column": 69
                },
                "text": "countryCode"
              }
            }
          ],
          "returnType": {
            "$": "TypeReference",
            "symbol": "Future",
            "url": "dart:async",
            "types": [
              {
                "$": "TypeReference",
                "symbol": "Locale",
                "url": "dart:ui",
                "isNullable": false
              }
            ],
            "isNullable": false
          },
          "flattenedReturnType": {
            "$": "TypeReference",
            "symbol": "Locale",
            "url": "dart:ui",
            "isNullable": false
          },
          "metadata": [],
          "annotations": [
            {
              "$": "DartInstance",
              "classRef": {
                "symbol": "_Cloud",
                "url": "package:celest/src/core/annotations.dart",
                "isNullable": false
              },
              "constructor": "",
              "positionalArguments": {},
              "namedArguments": {},
              "staticType": {
                "symbol": "_Cloud",
                "url": "package:celest/src/core/annotations.dart",
                "isNullable": false
              }
            }
          ],
          "docs": [],
          "location": {
            "start": {
              "offset": 284,
              "uri": "package:celest_backend/src/functions/dart_ui.dart",
              "line": 13,
              "column": 18
            },
            "end": {
              "offset": 298,
              "uri": "package:celest_backend/src/functions/dart_ui.dart",
              "line": 13,
              "column": 32
            },
            "text": "addCountryCode"
          }
        }
      },
      "docs": [
        "/// Tests that dart:ui types can be used as inputs/outputs in functions."
      ],
      "exceptionTypes": [
        {
          "$": "TypeReference",
          "symbol": "AsyncError",
          "url": "dart:async",
          "isNullable": false
        },
        {
          "$": "TypeReference",
          "symbol": "TimeoutException",
          "url": "dart:async",
          "isNullable": false
        },
        {
          "$": "TypeReference",
          "symbol": "JsonUnsupportedObjectError",
          "url": "dart:convert",
          "isNullable": false
        },
        {
          "$": "TypeReference",
          "symbol": "Error",
          "url": "dart:core",
          "isNullable": false
        },
        {
          "$": "TypeReference",
          "symbol": "AssertionError",
          "url": "dart:core",
          "isNullable": false
        },
        {
          "$": "TypeReference",
          "symbol": "TypeError",
          "url": "dart:core",
          "isNullable": false
        },
        {
          "$": "TypeReference",
          "symbol": "ArgumentError",
          "url": "dart:core",
          "isNullable": false
        },
        {
          "$": "TypeReference",
          "symbol": "RangeError",
          "url": "dart:core",
          "isNullable": false
        },
        {
          "$": "TypeReference",
          "symbol": "IndexError",
          "url": "dart:core",
          "isNullable": false
        },
        {
          "$": "TypeReference",
          "symbol": "UnsupportedError",
          "url": "dart:core",
          "isNullable": false
        },
        {
          "$": "TypeReference",
          "symbol": "UnimplementedError",
          "url": "dart:core",
          "isNullable": false
        },
        {
          "$": "TypeReference",
          "symbol": "StateError",
          "url": "dart:core",
          "isNullable": false
        },
        {
          "$": "TypeReference",
          "symbol": "ConcurrentModificationError",
          "url": "dart:core",
          "isNullable": false
        },
        {
          "$": "TypeReference",
          "symbol": "OutOfMemoryError",
          "url": "dart:core",
          "isNullable": false
        },
        {
          "$": "TypeReference",
          "symbol": "StackOverflowError",
          "url": "dart:core",
          "isNullable": false
        },
        {
          "$": "TypeReference",
          "symbol": "Exception",
          "url": "dart:core",
          "isNullable": false
        },
        {
          "$": "TypeReference",
          "symbol": "FormatException",
          "url": "dart:core",
          "isNullable": false
        },
        {
          "$": "TypeReference",
          "symbol": "IntegerDivisionByZeroException",
          "url": "dart:core",
          "isNullable": false
        },
        {
          "$": "TypeReference",
          "symbol": "IsolateSpawnException",
          "url": "dart:isolate",
          "isNullable": false
        },
        {
          "$": "TypeReference",
          "symbol": "OSError",
          "url": "dart:io",
          "isNullable": false
        },
        {
          "$": "TypeReference",
          "symbol": "FileSystemException",
          "url": "dart:io",
          "isNullable": false
        },
        {
          "$": "TypeReference",
          "symbol": "PathAccessException",
          "url": "dart:io",
          "isNullable": false
        },
        {
          "$": "TypeReference",
          "symbol": "PathExistsException",
          "url": "dart:io",
          "isNullable": false
        },
        {
          "$": "TypeReference",
          "symbol": "PathNotFoundException",
          "url": "dart:io",
          "isNullable": false
        },
        {
          "$": "TypeReference",
          "symbol": "SignalException",
          "url": "dart:io",
          "isNullable": false
        },
        {
          "$": "TypeReference",
          "symbol": "ProcessException",
          "url": "dart:io",
          "isNullable": false
        },
        {
          "$": "TypeReference",
          "symbol": "TlsException",
          "url": "dart:io",
          "isNullable": false
        },
        {
          "$": "TypeReference",
          "symbol": "HandshakeException",
          "url": "dart:io",
          "isNullable": false
        },
        {
          "$": "TypeReference",
          "symbol": "CertificateException",
          "url": "dart:io",
          "isNullable": false
        },
        {
          "$": "TypeReference",
          "symbol": "StdoutException",
          "url": "dart:io",
          "isNullable": false
        },
        {
          "$": "TypeReference",
          "symbol": "StdinException",
          "url": "dart:io",
          "isNullable": false
        },
        {
          "$": "TypeReference",
          "symbol": "HttpException",
          "url": "dart:io",
          "isNullable": false
        },
        {
          "$": "TypeReference",
          "symbol": "WebSocketException",
          "url": "dart:io",
          "isNullable": false
        },
        {
          "$": "TypeReference",
          "symbol": "CloudException",
          "url": "package:celest_core/src/exception/cloud_exception.dart",
          "isNullable": false
        },
        {
          "$": "TypeReference",
          "symbol": "CancelledException",
          "url": "package:celest_core/src/exception/cloud_exception.dart",
          "isNullable": false
        },
        {
          "$": "TypeReference",
          "symbol": "UnknownError",
          "url": "package:celest_core/src/exception/cloud_exception.dart",
          "isNullable": false
        },
        {
          "$": "TypeReference",
          "symbol": "BadRequestException",
          "url": "package:celest_core/src/exception/cloud_exception.dart",
          "isNullable": false
        },
        {
          "$": "TypeReference",
          "symbol": "UnauthorizedException",
          "url": "package:celest_core/src/exception/cloud_exception.dart",
          "isNullable": false
        },
        {
          "$": "TypeReference",
          "symbol": "NotFoundException",
          "url": "package:celest_core/src/exception/cloud_exception.dart",
          "isNullable": false
        },
        {
          "$": "TypeReference",
          "symbol": "AlreadyExistsException",
          "url": "package:celest_core/src/exception/cloud_exception.dart",
          "isNullable": false
        },
        {
          "$": "TypeReference",
          "symbol": "PermissionDeniedException",
          "url": "package:celest_core/src/exception/cloud_exception.dart",
          "isNullable": false
        },
        {
          "$": "TypeReference",
          "symbol": "ResourceExhaustedException",
          "url": "package:celest_core/src/exception/cloud_exception.dart",
          "isNullable": false
        },
        {
          "$": "TypeReference",
          "symbol": "FailedPreconditionException",
          "url": "package:celest_core/src/exception/cloud_exception.dart",
          "isNullable": false
        },
        {
          "$": "TypeReference",
          "symbol": "AbortedException",
          "url": "package:celest_core/src/exception/cloud_exception.dart",
          "isNullable": false
        },
        {
          "$": "TypeReference",
          "symbol": "OutOfRangeException",
          "url": "package:celest_core/src/exception/cloud_exception.dart",
          "isNullable": false
        },
        {
          "$": "TypeReference",
          "symbol": "UnimplementedError",
          "url": "package:celest_core/src/exception/cloud_exception.dart",
          "isNullable": false
        },
        {
          "$": "TypeReference",
          "symbol": "InternalServerError",
          "url": "package:celest_core/src/exception/cloud_exception.dart",
          "isNullable": false
        },
        {
          "$": "TypeReference",
          "symbol": "UnavailableError",
          "url": "package:celest_core/src/exception/cloud_exception.dart",
          "isNullable": false
        },
        {
          "$": "TypeReference",
          "symbol": "DataLossError",
          "url": "package:celest_core/src/exception/cloud_exception.dart",
          "isNullable": false
        },
        {
          "$": "TypeReference",
          "symbol": "DeadlineExceededError",
          "url": "package:celest_core/src/exception/cloud_exception.dart",
          "isNullable": false
        },
        {
          "$": "TypeReference",
          "symbol": "SerializationException",
          "url": "package:celest_core/src/exception/serialization_exception.dart",
          "isNullable": false
        }
      ],
      "location": {
        "start": {
          "offset": 0,
          "uri": "package:celest_backend/src/functions/dart_ui.dart",
          "line": 0,
          "column": 0
        },
        "end": {
          "offset": 0,
          "uri": "package:celest_backend/src/functions/dart_ui.dart",
          "line": 0,
          "column": 0
        },
        "text": ""
      }
    },
    "flutter": {
      "name": "flutter",
      "metadata": [],
      "functions": {
        "paintWidget": {
          "name": "paintWidget",
          "apiName": "flutter",
          "typeParameters": [],
          "parameters": [],
          "returnType": {
            "$": "TypeReference",
            "symbol": "Future",
            "url": "dart:async",
            "types": [
              {
                "$": "Reference",
                "symbol": "Uint8List",
                "url": "dart:typed_data"
              }
            ],
            "isNullable": false
          },
          "flattenedReturnType": {
            "$": "Reference",
            "symbol": "Uint8List",
            "url": "dart:typed_data"
          },
          "metadata": [],
          "annotations": [
            {
              "$": "DartInstance",
              "classRef": {
                "symbol": "_Cloud",
                "url": "package:celest/src/core/annotations.dart",
                "isNullable": false
              },
              "constructor": "",
              "positionalArguments": {},
              "namedArguments": {},
              "staticType": {
                "symbol": "_Cloud",
                "url": "package:celest/src/core/annotations.dart",
                "isNullable": false
              }
            }
          ],
          "docs": [],
          "location": {
            "start": {
              "offset": 286,
              "uri": "package:celest_backend/src/functions/flutter.dart",
              "line": 11,
              "column": 18
            },
            "end": {
              "offset": 297,
              "uri": "package:celest_backend/src/functions/flutter.dart",
              "line": 11,
              "column": 29
            },
            "text": "paintWidget"
          }
        },
        "helloWorld": {
          "name": "helloWorld",
          "apiName": "flutter",
          "typeParameters": [],
          "parameters": [],
          "returnType": {
            "$": "TypeReference",
            "symbol": "Future",
            "url": "dart:async",
            "types": [
              {
                "$": "TypeReference",
                "symbol": "HelloWorld",
                "url": "package:celest_backend/src/functions/flutter.dart",
                "isNullable": false
              }
            ],
            "isNullable": false
          },
          "flattenedReturnType": {
            "$": "TypeReference",
            "symbol": "HelloWorld",
            "url": "package:celest_backend/src/functions/flutter.dart",
            "isNullable": false
          },
          "metadata": [
            {
              "$": "ApiHttpConfig",
              "method": "GET",
              "statusCode": 200,
              "location": {
                "start": {
                  "offset": 1001,
                  "uri": "package:celest_backend/src/functions/flutter.dart",
                  "line": 33,
                  "column": 0
                },
                "end": {
                  "offset": 1030,
                  "uri": "package:celest_backend/src/functions/flutter.dart",
                  "line": 33,
                  "column": 29
                },
                "text": "@http(method: HttpMethod.get)"
              }
            }
          ],
          "annotations": [
            {
              "$": "DartInstance",
              "classRef": {
                "symbol": "_Cloud",
                "url": "package:celest/src/core/annotations.dart",
                "isNullable": false
              },
              "constructor": "",
              "positionalArguments": {},
              "namedArguments": {},
              "staticType": {
                "symbol": "_Cloud",
                "url": "package:celest/src/core/annotations.dart",
                "isNullable": false
              }
            },
            {
              "$": "DartInstance",
              "classRef": {
                "symbol": "http",
                "url": "package:celest/src/functions/http/http.dart",
                "isNullable": false
              },
              "constructor": "",
              "positionalArguments": {},
              "namedArguments": {
                "method": {
                  "$": "DartString",
                  "value": "GET",
                  "staticType": {
                    "symbol": "String",
                    "url": "dart:core"
                  }
                }
              },
              "staticType": {
                "symbol": "http",
                "url": "package:celest/src/functions/http/http.dart",
                "isNullable": false
              }
            }
          ],
          "docs": [],
          "location": {
            "start": {
              "offset": 1050,
              "uri": "package:celest_backend/src/functions/flutter.dart",
              "line": 34,
              "column": 19
            },
            "end": {
              "offset": 1060,
              "uri": "package:celest_backend/src/functions/flutter.dart",
              "line": 34,
              "column": 29
            },
            "text": "helloWorld"
          }
        }
      },
      "docs": [],
      "exceptionTypes": [
        {
          "$": "TypeReference",
          "symbol": "AsyncError",
          "url": "dart:async",
          "isNullable": false
        },
        {
          "$": "TypeReference",
          "symbol": "TimeoutException",
          "url": "dart:async",
          "isNullable": false
        },
        {
          "$": "TypeReference",
          "symbol": "JsonUnsupportedObjectError",
          "url": "dart:convert",
          "isNullable": false
        },
        {
          "$": "TypeReference",
          "symbol": "Error",
          "url": "dart:core",
          "isNullable": false
        },
        {
          "$": "TypeReference",
          "symbol": "AssertionError",
          "url": "dart:core",
          "isNullable": false
        },
        {
          "$": "TypeReference",
          "symbol": "TypeError",
          "url": "dart:core",
          "isNullable": false
        },
        {
          "$": "TypeReference",
          "symbol": "ArgumentError",
          "url": "dart:core",
          "isNullable": false
        },
        {
          "$": "TypeReference",
          "symbol": "RangeError",
          "url": "dart:core",
          "isNullable": false
        },
        {
          "$": "TypeReference",
          "symbol": "IndexError",
          "url": "dart:core",
          "isNullable": false
        },
        {
          "$": "TypeReference",
          "symbol": "UnsupportedError",
          "url": "dart:core",
          "isNullable": false
        },
        {
          "$": "TypeReference",
          "symbol": "UnimplementedError",
          "url": "dart:core",
          "isNullable": false
        },
        {
          "$": "TypeReference",
          "symbol": "StateError",
          "url": "dart:core",
          "isNullable": false
        },
        {
          "$": "TypeReference",
          "symbol": "ConcurrentModificationError",
          "url": "dart:core",
          "isNullable": false
        },
        {
          "$": "TypeReference",
          "symbol": "OutOfMemoryError",
          "url": "dart:core",
          "isNullable": false
        },
        {
          "$": "TypeReference",
          "symbol": "StackOverflowError",
          "url": "dart:core",
          "isNullable": false
        },
        {
          "$": "TypeReference",
          "symbol": "Exception",
          "url": "dart:core",
          "isNullable": false
        },
        {
          "$": "TypeReference",
          "symbol": "FormatException",
          "url": "dart:core",
          "isNullable": false
        },
        {
          "$": "TypeReference",
          "symbol": "IntegerDivisionByZeroException",
          "url": "dart:core",
          "isNullable": false
        },
        {
          "$": "TypeReference",
          "symbol": "IsolateSpawnException",
          "url": "dart:isolate",
          "isNullable": false
        },
        {
          "$": "TypeReference",
          "symbol": "OSError",
          "url": "dart:io",
          "isNullable": false
        },
        {
          "$": "TypeReference",
          "symbol": "FileSystemException",
          "url": "dart:io",
          "isNullable": false
        },
        {
          "$": "TypeReference",
          "symbol": "PathAccessException",
          "url": "dart:io",
          "isNullable": false
        },
        {
          "$": "TypeReference",
          "symbol": "PathExistsException",
          "url": "dart:io",
          "isNullable": false
        },
        {
          "$": "TypeReference",
          "symbol": "PathNotFoundException",
          "url": "dart:io",
          "isNullable": false
        },
        {
          "$": "TypeReference",
          "symbol": "SignalException",
          "url": "dart:io",
          "isNullable": false
        },
        {
          "$": "TypeReference",
          "symbol": "ProcessException",
          "url": "dart:io",
          "isNullable": false
        },
        {
          "$": "TypeReference",
          "symbol": "TlsException",
          "url": "dart:io",
          "isNullable": false
        },
        {
          "$": "TypeReference",
          "symbol": "HandshakeException",
          "url": "dart:io",
          "isNullable": false
        },
        {
          "$": "TypeReference",
          "symbol": "CertificateException",
          "url": "dart:io",
          "isNullable": false
        },
        {
          "$": "TypeReference",
          "symbol": "StdoutException",
          "url": "dart:io",
          "isNullable": false
        },
        {
          "$": "TypeReference",
          "symbol": "StdinException",
          "url": "dart:io",
          "isNullable": false
        },
        {
          "$": "TypeReference",
          "symbol": "HttpException",
          "url": "dart:io",
          "isNullable": false
        },
        {
          "$": "TypeReference",
          "symbol": "WebSocketException",
          "url": "dart:io",
          "isNullable": false
        },
        {
          "$": "TypeReference",
          "symbol": "CloudException",
          "url": "package:celest_core/src/exception/cloud_exception.dart",
          "isNullable": false
        },
        {
          "$": "TypeReference",
          "symbol": "CancelledException",
          "url": "package:celest_core/src/exception/cloud_exception.dart",
          "isNullable": false
        },
        {
          "$": "TypeReference",
          "symbol": "UnknownError",
          "url": "package:celest_core/src/exception/cloud_exception.dart",
          "isNullable": false
        },
        {
          "$": "TypeReference",
          "symbol": "BadRequestException",
          "url": "package:celest_core/src/exception/cloud_exception.dart",
          "isNullable": false
        },
        {
          "$": "TypeReference",
          "symbol": "UnauthorizedException",
          "url": "package:celest_core/src/exception/cloud_exception.dart",
          "isNullable": false
        },
        {
          "$": "TypeReference",
          "symbol": "NotFoundException",
          "url": "package:celest_core/src/exception/cloud_exception.dart",
          "isNullable": false
        },
        {
          "$": "TypeReference",
          "symbol": "AlreadyExistsException",
          "url": "package:celest_core/src/exception/cloud_exception.dart",
          "isNullable": false
        },
        {
          "$": "TypeReference",
          "symbol": "PermissionDeniedException",
          "url": "package:celest_core/src/exception/cloud_exception.dart",
          "isNullable": false
        },
        {
          "$": "TypeReference",
          "symbol": "ResourceExhaustedException",
          "url": "package:celest_core/src/exception/cloud_exception.dart",
          "isNullable": false
        },
        {
          "$": "TypeReference",
          "symbol": "FailedPreconditionException",
          "url": "package:celest_core/src/exception/cloud_exception.dart",
          "isNullable": false
        },
        {
          "$": "TypeReference",
          "symbol": "AbortedException",
          "url": "package:celest_core/src/exception/cloud_exception.dart",
          "isNullable": false
        },
        {
          "$": "TypeReference",
          "symbol": "OutOfRangeException",
          "url": "package:celest_core/src/exception/cloud_exception.dart",
          "isNullable": false
        },
        {
          "$": "TypeReference",
          "symbol": "UnimplementedError",
          "url": "package:celest_core/src/exception/cloud_exception.dart",
          "isNullable": false
        },
        {
          "$": "TypeReference",
          "symbol": "InternalServerError",
          "url": "package:celest_core/src/exception/cloud_exception.dart",
          "isNullable": false
        },
        {
          "$": "TypeReference",
          "symbol": "UnavailableError",
          "url": "package:celest_core/src/exception/cloud_exception.dart",
          "isNullable": false
        },
        {
          "$": "TypeReference",
          "symbol": "DataLossError",
          "url": "package:celest_core/src/exception/cloud_exception.dart",
          "isNullable": false
        },
        {
          "$": "TypeReference",
          "symbol": "DeadlineExceededError",
          "url": "package:celest_core/src/exception/cloud_exception.dart",
          "isNullable": false
        },
        {
          "$": "TypeReference",
          "symbol": "SerializationException",
          "url": "package:celest_core/src/exception/serialization_exception.dart",
          "isNullable": false
        },
        {
          "$": "TypeReference",
          "symbol": "NetworkImageLoadException",
          "url": "package:flutter/src/painting/image_provider.dart",
          "isNullable": false
        }
      ],
      "location": {
        "start": {
          "offset": 0,
          "uri": "package:celest_backend/src/functions/flutter.dart",
          "line": 0,
          "column": 0
        },
        "end": {
          "offset": 0,
          "uri": "package:celest_backend/src/functions/flutter.dart",
          "line": 0,
          "column": 0
        },
        "text": ""
      }
    }
  },
  "variables": [],
  "secrets": [],
  "databases": {},
  "sdkConfig": {
    "celest": "1.0.8",
    "dart": {
      "type": "dart",
      "version": "3.7.2",
      "enabledExperiments": []
    },
    "targetSdk": "flutter",
    "featureFlags": [
      "streaming"
    ],
    "flutter": {
      "type": "flutter",
      "version": "3.29.2",
      "enabledExperiments": []
    }
  },
  "location": {
    "start": {
      "offset": 44,
      "uri": "project.dart",
      "line": 2,
      "column": 6
    },
    "end": {
      "offset": 78,
      "uri": "project.dart",
      "line": 2,
      "column": 40
    },
    "text": "project = Project(name: 'flutter')"
  }
}