{
  "name": "supabase",
  "environment": "local",
  "reference": {
    "$": "Reference",
    "symbol": "project",
    "url": "package:celest_backend/src/project.dart"
  },
  "apis": {
    "auth": {
      "name": "auth",
      "metadata": [],
      "functions": {
        "currentUser": {
          "name": "currentUser",
          "apiName": "auth",
          "typeParameters": [],
          "parameters": [
            {
              "name": "user",
              "type": {
                "$": "TypeReference",
                "symbol": "User",
                "url": "package:celest_core/src/auth/user.dart",
                "isNullable": false
              },
              "required": true,
              "named": true,
              "annotations": [
                {
                  "$": "DartInstance",
                  "classRef": {
                    "symbol": "_PrincipalContextKey",
                    "url": "package:celest/src/core/context.dart",
                    "isNullable": false
                  },
                  "constructor": "",
                  "positionalArguments": {},
                  "namedArguments": {},
                  "staticType": {
                    "symbol": "_PrincipalContextKey",
                    "url": "package:celest/src/core/context.dart",
                    "isNullable": false
                  }
                }
              ],
              "location": {
                "start": {
                  "offset": 179,
                  "uri": "package:celest_backend/src/functions/auth.dart",
                  "line": 7,
                  "column": 27
                },
                "end": {
                  "offset": 183,
                  "uri": "package:celest_backend/src/functions/auth.dart",
                  "line": 7,
                  "column": 31
                },
                "text": "user"
              },
              "references": {
                "name": "$user",
                "type": "userContext"
              }
            }
          ],
          "returnType": {
            "$": "TypeReference",
            "symbol": "Future",
            "url": "dart:async",
            "types": [
              {
                "$": "TypeReference",
                "symbol": "User",
                "url": "package:celest_core/src/auth/user.dart",
                "isNullable": false
              }
            ],
            "isNullable": false
          },
          "flattenedReturnType": {
            "$": "TypeReference",
            "symbol": "User",
            "url": "package:celest_core/src/auth/user.dart",
            "isNullable": false
          },
          "metadata": [
            {
              "$": "ApiAuthenticated",
              "location": {
                "start": {
                  "offset": 80,
                  "uri": "package:celest_backend/src/functions/auth.dart",
                  "line": 4,
                  "column": 0
                },
                "end": {
                  "offset": 94,
                  "uri": "package:celest_backend/src/functions/auth.dart",
                  "line": 4,
                  "column": 14
                },
                "text": "@authenticated"
              }
            },
            {
              "$": "ApiHttpConfig",
              "method": "GET",
              "statusCode": 200,
              "location": {
                "start": {
                  "offset": 95,
                  "uri": "package:celest_backend/src/functions/auth.dart",
                  "line": 5,
                  "column": 0
                },
                "end": {
                  "offset": 124,
                  "uri": "package:celest_backend/src/functions/auth.dart",
                  "line": 5,
                  "column": 29
                },
                "text": "@http(method: HttpMethod.get)"
              }
            }
          ],
          "annotations": [
            {
              "$": "DartInstance",
              "classRef": {
                "symbol": "_Cloud",
                "url": "package:celest/src/core/annotations.dart",
                "isNullable": false
              },
              "constructor": "",
              "positionalArguments": {},
              "namedArguments": {},
              "staticType": {
                "symbol": "_Cloud",
                "url": "package:celest/src/core/annotations.dart",
                "isNullable": false
              }
            },
            {
              "$": "DartInstance",
              "classRef": {
                "symbol": "_Authenticated",
                "url": "package:celest/src/grants/grants.dart",
                "isNullable": false
              },
              "constructor": "",
              "positionalArguments": {},
              "namedArguments": {},
              "staticType": {
                "symbol": "_Authenticated",
                "url": "package:celest/src/grants/grants.dart",
                "isNullable": false
              }
            },
            {
              "$": "DartInstance",
              "classRef": {
                "symbol": "http",
                "url": "package:celest/src/functions/http/http.dart",
                "isNullable": false
              },
              "constructor": "",
              "positionalArguments": {},
              "namedArguments": {
                "method": {
                  "$": "DartString",
                  "value": "GET",
                  "staticType": {
                    "symbol": "String",
                    "url": "dart:core"
                  }
                }
              },
              "staticType": {
                "symbol": "http",
                "url": "package:celest/src/functions/http/http.dart",
                "isNullable": false
              }
            }
          ],
          "docs": [],
          "location": {
            "start": {
              "offset": 138,
              "uri": "package:celest_backend/src/functions/auth.dart",
              "line": 6,
              "column": 13
            },
            "end": {
              "offset": 149,
              "uri": "package:celest_backend/src/functions/auth.dart",
              "line": 6,
              "column": 24
            },
            "text": "currentUser"
          }
        }
      },
      "docs": [],
      "exceptionTypes": [
        {
          "$": "TypeReference",
          "symbol": "CloudException",
          "url": "package:celest_core/src/exception/cloud_exception.dart",
          "isNullable": false
        },
        {
          "$": "TypeReference",
          "symbol": "CancelledException",
          "url": "package:celest_core/src/exception/cloud_exception.dart",
          "isNullable": false
        },
        {
          "$": "TypeReference",
          "symbol": "UnknownError",
          "url": "package:celest_core/src/exception/cloud_exception.dart",
          "isNullable": false
        },
        {
          "$": "TypeReference",
          "symbol": "BadRequestException",
          "url": "package:celest_core/src/exception/cloud_exception.dart",
          "isNullable": false
        },
        {
          "$": "TypeReference",
          "symbol": "UnauthorizedException",
          "url": "package:celest_core/src/exception/cloud_exception.dart",
          "isNullable": false
        },
        {
          "$": "TypeReference",
          "symbol": "NotFoundException",
          "url": "package:celest_core/src/exception/cloud_exception.dart",
          "isNullable": false
        },
        {
          "$": "TypeReference",
          "symbol": "AlreadyExistsException",
          "url": "package:celest_core/src/exception/cloud_exception.dart",
          "isNullable": false
        },
        {
          "$": "TypeReference",
          "symbol": "PermissionDeniedException",
          "url": "package:celest_core/src/exception/cloud_exception.dart",
          "isNullable": false
        },
        {
          "$": "TypeReference",
          "symbol": "ResourceExhaustedException",
          "url": "package:celest_core/src/exception/cloud_exception.dart",
          "isNullable": false
        },
        {
          "$": "TypeReference",
          "symbol": "FailedPreconditionException",
          "url": "package:celest_core/src/exception/cloud_exception.dart",
          "isNullable": false
        },
        {
          "$": "TypeReference",
          "symbol": "AbortedException",
          "url": "package:celest_core/src/exception/cloud_exception.dart",
          "isNullable": false
        },
        {
          "$": "TypeReference",
          "symbol": "OutOfRangeException",
          "url": "package:celest_core/src/exception/cloud_exception.dart",
          "isNullable": false
        },
        {
          "$": "TypeReference",
          "symbol": "UnimplementedError",
          "url": "package:celest_core/src/exception/cloud_exception.dart",
          "isNullable": false
        },
        {
          "$": "TypeReference",
          "symbol": "InternalServerError",
          "url": "package:celest_core/src/exception/cloud_exception.dart",
          "isNullable": false
        },
        {
          "$": "TypeReference",
          "symbol": "UnavailableError",
          "url": "package:celest_core/src/exception/cloud_exception.dart",
          "isNullable": false
        },
        {
          "$": "TypeReference",
          "symbol": "DataLossError",
          "url": "package:celest_core/src/exception/cloud_exception.dart",
          "isNullable": false
        },
        {
          "$": "TypeReference",
          "symbol": "DeadlineExceededError",
          "url": "package:celest_core/src/exception/cloud_exception.dart",
          "isNullable": false
        },
        {
          "$": "TypeReference",
          "symbol": "SerializationException",
          "url": "package:celest_core/src/exception/serialization_exception.dart",
          "isNullable": false
        },
        {
          "$": "TypeReference",
          "symbol": "Error",
          "url": "dart:core",
          "isNullable": false
        },
        {
          "$": "TypeReference",
          "symbol": "AssertionError",
          "url": "dart:core",
          "isNullable": false
        },
        {
          "$": "TypeReference",
          "symbol": "TypeError",
          "url": "dart:core",
          "isNullable": false
        },
        {
          "$": "TypeReference",
          "symbol": "ArgumentError",
          "url": "dart:core",
          "isNullable": false
        },
        {
          "$": "TypeReference",
          "symbol": "RangeError",
          "url": "dart:core",
          "isNullable": false
        },
        {
          "$": "TypeReference",
          "symbol": "IndexError",
          "url": "dart:core",
          "isNullable": false
        },
        {
          "$": "TypeReference",
          "symbol": "UnsupportedError",
          "url": "dart:core",
          "isNullable": false
        },
        {
          "$": "TypeReference",
          "symbol": "UnimplementedError",
          "url": "dart:core",
          "isNullable": false
        },
        {
          "$": "TypeReference",
          "symbol": "StateError",
          "url": "dart:core",
          "isNullable": false
        },
        {
          "$": "TypeReference",
          "symbol": "ConcurrentModificationError",
          "url": "dart:core",
          "isNullable": false
        },
        {
          "$": "TypeReference",
          "symbol": "OutOfMemoryError",
          "url": "dart:core",
          "isNullable": false
        },
        {
          "$": "TypeReference",
          "symbol": "StackOverflowError",
          "url": "dart:core",
          "isNullable": false
        },
        {
          "$": "TypeReference",
          "symbol": "Exception",
          "url": "dart:core",
          "isNullable": false
        },
        {
          "$": "TypeReference",
          "symbol": "FormatException",
          "url": "dart:core",
          "isNullable": false
        },
        {
          "$": "TypeReference",
          "symbol": "IntegerDivisionByZeroException",
          "url": "dart:core",
          "isNullable": false
        },
        {
          "$": "TypeReference",
          "symbol": "AsyncError",
          "url": "dart:async",
          "isNullable": false
        },
        {
          "$": "TypeReference",
          "symbol": "TimeoutException",
          "url": "dart:async",
          "isNullable": false
        },
        {
          "$": "TypeReference",
          "symbol": "JsonUnsupportedObjectError",
          "url": "dart:convert",
          "isNullable": false
        }
      ],
      "location": {
        "start": {
          "offset": 0,
          "uri": "package:celest_backend/src/functions/auth.dart",
          "line": 0,
          "column": 0
        },
        "end": {
          "offset": 0,
          "uri": "package:celest_backend/src/functions/auth.dart",
          "line": 0,
          "column": 0
        },
        "text": ""
      }
    }
  },
  "variables": [
    {
      "location": {
        "start": {
          "offset": 146,
          "uri": "package:celest_backend/src/project.dart",
          "line": 6,
          "column": 6
        },
        "end": {
          "offset": 150,
          "uri": "package:celest_backend/src/project.dart",
          "line": 6,
          "column": 10
        },
        "text": "auth"
      },
      "name": "SUPABASE_URL",
      "docs": []
    }
  ],
  "secrets": [
    {
      "location": {
        "start": {
          "offset": 88,
          "uri": "package:celest_backend/src/project.dart",
          "line": 4,
          "column": 6
        },
        "end": {
          "offset": 105,
          "uri": "package:celest_backend/src/project.dart",
          "line": 4,
          "column": 23
        },
        "text": "supabaseJwtSecret"
      },
      "name": "SUPABASE_JWT_SECRET",
      "docs": [],
      "dartName": "supabaseJwtSecret"
    }
  ],
  "databases": {},
  "sdkConfig": {
    "celest": "1.0.6+2",
    "dart": {
      "type": "dart",
      "version": "3.29.1",
      "enabledExperiments": []
    },
    "targetSdk": "dart",
    "featureFlags": [
      "streaming"
    ],
    "flutter": {
      "type": "flutter",
      "version": "3.29.1",
      "enabledExperiments": []
    }
  },
  "location": {
    "start": {
      "offset": 44,
      "uri": "project.dart",
      "line": 2,
      "column": 6
    },
    "end": {
      "offset": 79,
      "uri": "project.dart",
      "line": 2,
      "column": 41
    },
    "text": "project = Project(name: 'supabase')"
  },
  "auth": {
    "providers": [],
    "externalProviders": [
      {
        "$": "SupabaseExternalAuthProvider",
        "projectUrl": {
          "location": {
            "start": {
              "offset": 146,
              "uri": "package:celest_backend/src/project.dart",
              "line": 6,
              "column": 6
            },
            "end": {
              "offset": 150,
              "uri": "package:celest_backend/src/project.dart",
              "line": 6,
              "column": 10
            },
            "text": "auth"
          },
          "name": "SUPABASE_URL",
          "docs": []
        },
        "name": "supabase",
        "type": "SUPABASE",
        "location": {
          "start": {
            "offset": 146,
            "uri": "package:celest_backend/src/project.dart",
            "line": 6,
            "column": 6
          },
          "end": {
            "offset": 150,
            "uri": "package:celest_backend/src/project.dart",
            "line": 6,
            "column": 10
          },
          "text": "auth"
        },
        "jwtSecret": {
          "location": {
            "start": {
              "offset": 146,
              "uri": "package:celest_backend/src/project.dart",
              "line": 6,
              "column": 6
            },
            "end": {
              "offset": 150,
              "uri": "package:celest_backend/src/project.dart",
              "line": 6,
              "column": 10
            },
            "text": "auth"
          },
          "name": "SUPABASE_JWT_SECRET",
          "docs": []
        }
      }
    ],
    "location": {
      "start": {
        "offset": 146,
        "uri": "package:celest_backend/src/project.dart",
        "line": 6,
        "column": 6
      },
      "end": {
        "offset": 150,
        "uri": "package:celest_backend/src/project.dart",
        "line": 6,
        "column": 10
      },
      "text": "auth"
    }
  }
}