{
  "projectId": "env_vars",
  "environmentId": "local",
  "apis": {
    "injected": {
      "apiId": "injected",
      "functions": {
        "sayHello": {
          "functionId": "sayHello",
          "apiId": "injected",
          "httpConfig": {
            "route": {
              "method": "POST",
              "path": "/injected/say-hello"
            },
            "additionalRoutes": [],
            "status": 200,
            "statusMappings": {}
          },
          "variables": [
            "MY_NAME",
            "MY_AGE"
          ],
          "secrets": [],
          "streamConfig": {}
        },
        "sayHelloPerson": {
          "functionId": "sayHelloPerson",
          "apiId": "injected",
          "httpConfig": {
            "route": {
              "method": "POST",
              "path": "/injected/say-hello-person"
            },
            "additionalRoutes": [],
            "status": 200,
            "statusMappings": {}
          },
          "variables": [
            "MY_NAME",
            "MY_AGE",
            "MY_HEIGHT",
            "MY_WEIGHT",
            "MY_WEBSITE",
            "IM_COOL",
            "CELEST_ENVIRONMENT"
          ],
          "secrets": [
            "SUPER_SECRET"
          ],
          "streamConfig": {}
        }
      }
    }
  },
  "variables": [
    {
      "name": "MY_NAME",
      "value": "Dillon"
    },
    {
      "name": "MY_AGE",
      "value": "28"
    },
    {
      "name": "MY_HEIGHT",
      "value": "5.83"
    },
    {
      "name": "IM_COOL",
      "value": "true"
    },
    {
      "name": "MY_WEBSITE",
      "value": "https://dillonnys.com"
    },
    {
      "name": "MY_WEIGHT",
      "value": "130"
    },
    {
      "name": "CELEST_ENVIRONMENT",
      "value": "local"
    }
  ],
  "secrets": [
    {
      "name": "SUPER_SECRET",
      "value": "SGk="
    }
  ],
  "databases": {},
  "sdkConfig": {
    "celest": "1.0.13",
    "dart": {
      "type": "dart",
      "version": "3.9.0",
      "enabledExperiments": []
    },
    "targetSdk": "dart",
    "featureFlags": [
      "streaming"
    ],
    "flutter": {
      "type": "flutter",
      "version": "3.35.1",
      "enabledExperiments": []
    }
  }
}