{
  "name": "env_vars",
  "environment": "local",
  "reference": {
    "$": "Reference",
    "symbol": "project",
    "url": "package:celest_backend/src/project.dart"
  },
  "apis": {
    "injected": {
      "name": "injected",
      "metadata": [],
      "functions": {
        "sayHello": {
          "name": "sayHello",
          "apiName": "injected",
          "typeParameters": [],
          "parameters": [
            {
              "name": "name",
              "type": {
                "$": "TypeReference",
                "symbol": "String",
                "url": "dart:core",
                "isNullable": false
              },
              "required": true,
              "named": true,
              "annotations": [],
              "location": {
                "start": {
                  "offset": 198,
                  "uri": "package:celest_backend/src/functions/injected.dart",
                  "line": 9,
                  "column": 26
                },
                "end": {
                  "offset": 202,
                  "uri": "package:celest_backend/src/functions/injected.dart",
                  "line": 9,
                  "column": 30
                },
                "text": "name"
              },
              "references": {
                "name": "MY_NAME",
                "type": "variable"
              }
            },
            {
              "name": "age",
              "type": {
                "$": "TypeReference",
                "symbol": "int",
                "url": "dart:core",
                "isNullable": false
              },
              "required": true,
              "named": true,
              "annotations": [],
              "location": {
                "start": {
                  "offset": 226,
                  "uri": "package:celest_backend/src/functions/injected.dart",
                  "line": 10,
                  "column": 22
                },
                "end": {
                  "offset": 229,
                  "uri": "package:celest_backend/src/functions/injected.dart",
                  "line": 10,
                  "column": 25
                },
                "text": "age"
              },
              "references": {
                "name": "MY_AGE",
                "type": "variable"
              }
            }
          ],
          "returnType": {
            "$": "TypeReference",
            "symbol": "String",
            "url": "dart:core",
            "isNullable": false
          },
          "flattenedReturnType": {
            "$": "TypeReference",
            "symbol": "String",
            "url": "dart:core",
            "isNullable": false
          },
          "metadata": [],
          "annotations": [
            {
              "$": "DartInstance",
              "classRef": {
                "symbol": "_Cloud",
                "url": "package:celest/src/core/annotations.dart",
                "isNullable": false
              },
              "constructor": "",
              "positionalArguments": {},
              "namedArguments": {},
              "staticType": {
                "symbol": "_Cloud",
                "url": "package:celest/src/core/annotations.dart",
                "isNullable": false
              }
            }
          ],
          "docs": [],
          "location": {
            "start": {
              "offset": 161,
              "uri": "package:celest_backend/src/functions/injected.dart",
              "line": 8,
              "column": 7
            },
            "end": {
              "offset": 169,
              "uri": "package:celest_backend/src/functions/injected.dart",
              "line": 8,
              "column": 15
            },
            "text": "sayHello"
          }
        },
        "sayHelloPerson": {
          "name": "sayHelloPerson",
          "apiName": "injected",
          "typeParameters": [],
          "parameters": [
            {
              "name": "name",
              "type": {
                "$": "TypeReference",
                "symbol": "String",
                "url": "dart:core",
                "isNullable": false
              },
              "required": true,
              "named": true,
              "annotations": [],
              "location": {
                "start": {
                  "offset": 343,
                  "uri": "package:celest_backend/src/functions/injected.dart",
                  "line": 17,
                  "column": 26
                },
                "end": {
                  "offset": 347,
                  "uri": "package:celest_backend/src/functions/injected.dart",
                  "line": 17,
                  "column": 30
                },
                "text": "name"
              },
              "references": {
                "name": "MY_NAME",
                "type": "variable"
              }
            },
            {
              "name": "age",
              "type": {
                "$": "TypeReference",
                "symbol": "int",
                "url": "dart:core",
                "isNullable": false
              },
              "required": true,
              "named": true,
              "annotations": [],
              "location": {
                "start": {
                  "offset": 371,
                  "uri": "package:celest_backend/src/functions/injected.dart",
                  "line": 18,
                  "column": 22
                },
                "end": {
                  "offset": 374,
                  "uri": "package:celest_backend/src/functions/injected.dart",
                  "line": 18,
                  "column": 25
                },
                "text": "age"
              },
              "references": {
                "name": "MY_AGE",
                "type": "variable"
              }
            },
            {
              "name": "height",
              "type": {
                "$": "TypeReference",
                "symbol": "double",
                "url": "dart:core",
                "isNullable": false
              },
              "required": true,
              "named": true,
              "annotations": [],
              "location": {
                "start": {
                  "offset": 404,
                  "uri": "package:celest_backend/src/functions/injected.dart",
                  "line": 19,
                  "column": 28
                },
                "end": {
                  "offset": 410,
                  "uri": "package:celest_backend/src/functions/injected.dart",
                  "line": 19,
                  "column": 34
                },
                "text": "height"
              },
              "references": {
                "name": "MY_HEIGHT",
                "type": "variable"
              }
            },
            {
              "name": "weight",
              "type": {
                "$": "TypeReference",
                "symbol": "num",
                "url": "dart:core",
                "isNullable": false
              },
              "required": true,
              "named": true,
              "annotations": [],
              "location": {
                "start": {
                  "offset": 445,
                  "uri": "package:celest_backend/src/functions/injected.dart",
                  "line": 20,
                  "column": 33
                },
                "end": {
                  "offset": 451,
                  "uri": "package:celest_backend/src/functions/injected.dart",
                  "line": 20,
                  "column": 39
                },
                "text": "weight"
              },
              "references": {
                "name": "MY_WEIGHT",
                "type": "variable"
              }
            },
            {
              "name": "website",
              "type": {
                "$": "Reference",
                "symbol": "Uri",
                "url": "dart:core"
              },
              "required": true,
              "named": true,
              "annotations": [],
              "location": {
                "start": {
                  "offset": 487,
                  "uri": "package:celest_backend/src/functions/injected.dart",
                  "line": 21,
                  "column": 34
                },
                "end": {
                  "offset": 494,
                  "uri": "package:celest_backend/src/functions/injected.dart",
                  "line": 21,
                  "column": 41
                },
                "text": "website"
              },
              "references": {
                "name": "MY_WEBSITE",
                "type": "variable"
              }
            },
            {
              "name": "isCool",
              "type": {
                "$": "TypeReference",
                "symbol": "bool",
                "url": "dart:core",
                "isNullable": false
              },
              "required": true,
              "named": true,
              "annotations": [],
              "location": {
                "start": {
                  "offset": 528,
                  "uri": "package:celest_backend/src/functions/injected.dart",
                  "line": 22,
                  "column": 32
                },
                "end": {
                  "offset": 534,
                  "uri": "package:celest_backend/src/functions/injected.dart",
                  "line": 22,
                  "column": 38
                },
                "text": "isCool"
              },
              "references": {
                "name": "IM_COOL",
                "type": "variable"
              }
            },
            {
              "name": "superSecret",
              "type": {
                "$": "Reference",
                "symbol": "Uint8List",
                "url": "dart:typed_data"
              },
              "required": true,
              "named": true,
              "annotations": [],
              "location": {
                "start": {
                  "offset": 581,
                  "uri": "package:celest_backend/src/functions/injected.dart",
                  "line": 23,
                  "column": 45
                },
                "end": {
                  "offset": 592,
                  "uri": "package:celest_backend/src/functions/injected.dart",
                  "line": 23,
                  "column": 56
                },
                "text": "superSecret"
              },
              "references": {
                "name": "SUPER_SECRET",
                "type": "secret"
              }
            },
            {
              "name": "currentEnvironment",
              "type": {
                "$": "TypeReference",
                "symbol": "String",
                "url": "dart:core",
                "isNullable": false
              },
              "required": true,
              "named": true,
              "annotations": [],
              "location": {
                "start": {
                  "offset": 629,
                  "uri": "package:celest_backend/src/functions/injected.dart",
                  "line": 24,
                  "column": 35
                },
                "end": {
                  "offset": 647,
                  "uri": "package:celest_backend/src/functions/injected.dart",
                  "line": 24,
                  "column": 53
                },
                "text": "currentEnvironment"
              },
              "references": {
                "name": "CELEST_ENVIRONMENT",
                "type": "variable"
              }
            }
          ],
          "returnType": {
            "$": "TypeReference",
            "symbol": "Person",
            "url": "package:celest_backend/models/person.dart",
            "isNullable": false
          },
          "flattenedReturnType": {
            "$": "TypeReference",
            "symbol": "Person",
            "url": "package:celest_backend/models/person.dart",
            "isNullable": false
          },
          "metadata": [],
          "annotations": [
            {
              "$": "DartInstance",
              "classRef": {
                "symbol": "_Cloud",
                "url": "package:celest/src/core/annotations.dart",
                "isNullable": false
              },
              "constructor": "",
              "positionalArguments": {},
              "namedArguments": {},
              "staticType": {
                "symbol": "_Cloud",
                "url": "package:celest/src/core/annotations.dart",
                "isNullable": false
              }
            }
          ],
          "docs": [],
          "location": {
            "start": {
              "offset": 300,
              "uri": "package:celest_backend/src/functions/injected.dart",
              "line": 16,
              "column": 7
            },
            "end": {
              "offset": 314,
              "uri": "package:celest_backend/src/functions/injected.dart",
              "line": 16,
              "column": 21
            },
            "text": "sayHelloPerson"
          }
        }
      },
      "docs": [],
      "exceptionTypes": [
        {
          "$": "TypeReference",
          "symbol": "Error",
          "url": "dart:core",
          "isNullable": false
        },
        {
          "$": "TypeReference",
          "symbol": "AssertionError",
          "url": "dart:core",
          "isNullable": false
        },
        {
          "$": "TypeReference",
          "symbol": "TypeError",
          "url": "dart:core",
          "isNullable": false
        },
        {
          "$": "TypeReference",
          "symbol": "ArgumentError",
          "url": "dart:core",
          "isNullable": false
        },
        {
          "$": "TypeReference",
          "symbol": "RangeError",
          "url": "dart:core",
          "isNullable": false
        },
        {
          "$": "TypeReference",
          "symbol": "IndexError",
          "url": "dart:core",
          "isNullable": false
        },
        {
          "$": "TypeReference",
          "symbol": "UnsupportedError",
          "url": "dart:core",
          "isNullable": false
        },
        {
          "$": "TypeReference",
          "symbol": "UnimplementedError",
          "url": "dart:core",
          "isNullable": false
        },
        {
          "$": "TypeReference",
          "symbol": "StateError",
          "url": "dart:core",
          "isNullable": false
        },
        {
          "$": "TypeReference",
          "symbol": "ConcurrentModificationError",
          "url": "dart:core",
          "isNullable": false
        },
        {
          "$": "TypeReference",
          "symbol": "OutOfMemoryError",
          "url": "dart:core",
          "isNullable": false
        },
        {
          "$": "TypeReference",
          "symbol": "StackOverflowError",
          "url": "dart:core",
          "isNullable": false
        },
        {
          "$": "TypeReference",
          "symbol": "Exception",
          "url": "dart:core",
          "isNullable": false
        },
        {
          "$": "TypeReference",
          "symbol": "FormatException",
          "url": "dart:core",
          "isNullable": false
        },
        {
          "$": "TypeReference",
          "symbol": "IntegerDivisionByZeroException",
          "url": "dart:core",
          "isNullable": false
        },
        {
          "$": "TypeReference",
          "symbol": "JsonUnsupportedObjectError",
          "url": "dart:convert",
          "isNullable": false
        },
        {
          "$": "TypeReference",
          "symbol": "AsyncError",
          "url": "dart:async",
          "isNullable": false
        },
        {
          "$": "TypeReference",
          "symbol": "TimeoutException",
          "url": "dart:async",
          "isNullable": false
        },
        {
          "$": "TypeReference",
          "symbol": "CloudException",
          "url": "package:celest_core/src/exception/cloud_exception.dart",
          "isNullable": false
        },
        {
          "$": "TypeReference",
          "symbol": "CancelledException",
          "url": "package:celest_core/src/exception/cloud_exception.dart",
          "isNullable": false
        },
        {
          "$": "TypeReference",
          "symbol": "UnknownError",
          "url": "package:celest_core/src/exception/cloud_exception.dart",
          "isNullable": false
        },
        {
          "$": "TypeReference",
          "symbol": "BadRequestException",
          "url": "package:celest_core/src/exception/cloud_exception.dart",
          "isNullable": false
        },
        {
          "$": "TypeReference",
          "symbol": "UnauthorizedException",
          "url": "package:celest_core/src/exception/cloud_exception.dart",
          "isNullable": false
        },
        {
          "$": "TypeReference",
          "symbol": "NotFoundException",
          "url": "package:celest_core/src/exception/cloud_exception.dart",
          "isNullable": false
        },
        {
          "$": "TypeReference",
          "symbol": "AlreadyExistsException",
          "url": "package:celest_core/src/exception/cloud_exception.dart",
          "isNullable": false
        },
        {
          "$": "TypeReference",
          "symbol": "PermissionDeniedException",
          "url": "package:celest_core/src/exception/cloud_exception.dart",
          "isNullable": false
        },
        {
          "$": "TypeReference",
          "symbol": "ResourceExhaustedException",
          "url": "package:celest_core/src/exception/cloud_exception.dart",
          "isNullable": false
        },
        {
          "$": "TypeReference",
          "symbol": "FailedPreconditionException",
          "url": "package:celest_core/src/exception/cloud_exception.dart",
          "isNullable": false
        },
        {
          "$": "TypeReference",
          "symbol": "AbortedException",
          "url": "package:celest_core/src/exception/cloud_exception.dart",
          "isNullable": false
        },
        {
          "$": "TypeReference",
          "symbol": "OutOfRangeException",
          "url": "package:celest_core/src/exception/cloud_exception.dart",
          "isNullable": false
        },
        {
          "$": "TypeReference",
          "symbol": "UnimplementedError",
          "url": "package:celest_core/src/exception/cloud_exception.dart",
          "isNullable": false
        },
        {
          "$": "TypeReference",
          "symbol": "InternalServerError",
          "url": "package:celest_core/src/exception/cloud_exception.dart",
          "isNullable": false
        },
        {
          "$": "TypeReference",
          "symbol": "UnavailableError",
          "url": "package:celest_core/src/exception/cloud_exception.dart",
          "isNullable": false
        },
        {
          "$": "TypeReference",
          "symbol": "DataLossError",
          "url": "package:celest_core/src/exception/cloud_exception.dart",
          "isNullable": false
        },
        {
          "$": "TypeReference",
          "symbol": "DeadlineExceededError",
          "url": "package:celest_core/src/exception/cloud_exception.dart",
          "isNullable": false
        },
        {
          "$": "TypeReference",
          "symbol": "SerializationException",
          "url": "package:celest_core/src/exception/serialization_exception.dart",
          "isNullable": false
        }
      ],
      "location": {
        "start": {
          "offset": 0,
          "uri": "package:celest_backend/src/functions/injected.dart",
          "line": 0,
          "column": 0
        },
        "end": {
          "offset": 0,
          "uri": "package:celest_backend/src/functions/injected.dart",
          "line": 0,
          "column": 0
        },
        "text": ""
      }
    }
  },
  "variables": [
    {
      "location": {
        "start": {
          "offset": 44,
          "uri": "package:celest_backend/src/config/env.dart",
          "line": 2,
          "column": 6
        },
        "end": {
          "offset": 50,
          "uri": "package:celest_backend/src/config/env.dart",
          "line": 2,
          "column": 12
        },
        "text": "myName"
      },
      "name": "MY_NAME",
      "docs": [],
      "dartName": "myName"
    },
    {
      "location": {
        "start": {
          "offset": 75,
          "uri": "package:celest_backend/src/config/env.dart",
          "line": 3,
          "column": 6
        },
        "end": {
          "offset": 80,
          "uri": "package:celest_backend/src/config/env.dart",
          "line": 3,
          "column": 11
        },
        "text": "myAge"
      },
      "name": "MY_AGE",
      "docs": [],
      "dartName": "myAge"
    },
    {
      "location": {
        "start": {
          "offset": 104,
          "uri": "package:celest_backend/src/config/env.dart",
          "line": 4,
          "column": 6
        },
        "end": {
          "offset": 112,
          "uri": "package:celest_backend/src/config/env.dart",
          "line": 4,
          "column": 14
        },
        "text": "myHeight"
      },
      "name": "MY_HEIGHT",
      "docs": [],
      "dartName": "myHeight"
    },
    {
      "location": {
        "start": {
          "offset": 219,
          "uri": "package:celest_backend/src/config/env.dart",
          "line": 8,
          "column": 6
        },
        "end": {
          "offset": 225,
          "uri": "package:celest_backend/src/config/env.dart",
          "line": 8,
          "column": 12
        },
        "text": "imCool"
      },
      "name": "IM_COOL",
      "docs": [],
      "dartName": "imCool"
    },
    {
      "location": {
        "start": {
          "offset": 339,
          "uri": "package:celest_backend/src/config/env.dart",
          "line": 12,
          "column": 6
        },
        "end": {
          "offset": 348,
          "uri": "package:celest_backend/src/config/env.dart",
          "line": 12,
          "column": 15
        },
        "text": "myWebsite"
      },
      "name": "MY_WEBSITE",
      "docs": [],
      "dartName": "myWebsite"
    },
    {
      "location": {
        "start": {
          "offset": 629,
          "uri": "package:celest_backend/src/functions/injected.dart",
          "line": 24,
          "column": 35
        },
        "end": {
          "offset": 647,
          "uri": "package:celest_backend/src/functions/injected.dart",
          "line": 24,
          "column": 53
        },
        "text": "currentEnvironment"
      },
      "name": "CELEST_ENVIRONMENT",
      "docs": []
    },
    {
      "location": {
        "start": {
          "offset": 445,
          "uri": "package:celest_backend/src/functions/injected.dart",
          "line": 20,
          "column": 33
        },
        "end": {
          "offset": 451,
          "uri": "package:celest_backend/src/functions/injected.dart",
          "line": 20,
          "column": 39
        },
        "text": "weight"
      },
      "name": "MY_WEIGHT",
      "docs": []
    }
  ],
  "secrets": [
    {
      "location": {
        "start": {
          "offset": 581,
          "uri": "package:celest_backend/src/functions/injected.dart",
          "line": 23,
          "column": 45
        },
        "end": {
          "offset": 592,
          "uri": "package:celest_backend/src/functions/injected.dart",
          "line": 23,
          "column": 56
        },
        "text": "superSecret"
      },
      "name": "SUPER_SECRET",
      "docs": []
    }
  ],
  "databases": {},
  "sdkConfig": {
    "celest": "1.0.8",
    "dart": {
      "type": "dart",
      "version": "3.7.2",
      "enabledExperiments": []
    },
    "targetSdk": "dart",
    "featureFlags": [
      "streaming"
    ],
    "flutter": {
      "type": "flutter",
      "version": "3.29.2",
      "enabledExperiments": []
    }
  },
  "location": {
    "start": {
      "offset": 44,
      "uri": "project.dart",
      "line": 2,
      "column": 6
    },
    "end": {
      "offset": 84,
      "uri": "project.dart",
      "line": 4,
      "column": 1
    },
    "text": "project = Project(\n  name: 'env_vars',\n)"
  }
}