{
  "projectId": "env_vars",
  "environmentId": "local",
  "apis": {
    "injected": {
      "apiId": "injected",
      "functions": {
        "sayHello": {
          "functionId": "sayHello",
          "parentId": "injected",
          "httpConfig": {
            "status": 200,
            "route": {
              "method": "POST",
              "path": "/injected/say-hello"
            },
            "statusMappings": {}
          },
          "streamConfig": {
            "type": "STREAM_CONFIG_TYPE_UNSPECIFIED"
          },
          "variables": [
            "MY_NAME",
            "MY_AGE"
          ]
        },
        "sayHelloPerson": {
          "functionId": "sayHelloPerson",
          "parentId": "injected",
          "httpConfig": {
            "status": 200,
            "route": {
              "method": "POST",
              "path": "/injected/say-hello-person"
            },
            "statusMappings": {}
          },
          "streamConfig": {
            "type": "STREAM_CONFIG_TYPE_UNSPECIFIED"
          },
          "variables": [
            "MY_NAME",
            "MY_AGE",
            "MY_HEIGHT",
            "MY_WEIGHT",
            "MY_WEBSITE",
            "IM_COOL",
            "CELEST_ENVIRONMENT"
          ],
          "secrets": [
            "SUPER_SECRET"
          ]
        }
      }
    }
  },
  "variables": [
    {
      "name": "MY_NAME",
      "value": "Dillon"
    },
    {
      "name": "MY_AGE",
      "value": "28"
    },
    {
      "name": "MY_HEIGHT",
      "value": "5.83"
    },
    {
      "name": "IM_COOL",
      "value": "true"
    },
    {
      "name": "MY_WEBSITE",
      "value": "https://dillonnys.com"
    },
    {
      "name": "MY_WEIGHT",
      "value": "130"
    },
    {
      "name": "CELEST_ENVIRONMENT",
      "value": "local"
    }
  ],
  "secrets": [
    {
      "name": "SUPER_SECRET",
      "value": "SGk="
    }
  ],
  "databases": {},
  "sdkConfig": {
    "celest": {
      "major": 1,
      "minor": 0,
      "patch": 12,
      "canonicalizedVersion": "1.0.12"
    },
    "dart": {
      "type": "DART",
      "version": {
        "major": 3,
        "minor": 8,
        "patch": 0,
        "preRelease": [
          278.0,
          2.0,
          "beta"
        ],
        "canonicalizedVersion": "3.8.0-278.2.beta"
      }
    },
    "flutter": {
      "type": "FLUTTER",
      "version": {
        "major": 3,
        "minor": 32,
        "patch": 0,
        "preRelease": [
          0.0,
          3.0,
          "pre"
        ],
        "canonicalizedVersion": "3.32.0-0.3.pre"
      }
    },
    "targetSdk": "DART",
    "featureFlags": [
      "STREAMING"
    ]
  }
}